<html>
<body>
<pre>
<h1>µVision Build Log</h1>
<h2>Tool Versions:</h2>
IDE-Version: ¦ÌVision V5.23.0.0
Copyright (C) 2017 ARM Ltd and ARM Germany GmbH. All rights reserved.
License Information: 123 123, 123, LIC=X96FW-QDFQD-PC1J8-3TPHH-N30TC-NZMJJ
 
Tool Versions:
Toolchain:       MDK-ARM Plus  Version: 5.23
Toolchain Path:  D:\My keil5\Noumenon\ARM\ARMCC\Bin
C Compiler:      Armcc.exe V5.06 update 4 (build 422)
Assembler:       Armasm.exe V5.06 update 4 (build 422)
Linker/Locator:  ArmLink.exe V5.06 update 4 (build 422)
Library Manager: ArmAr.exe V5.06 update 4 (build 422)
Hex Converter:   FromElf.exe V5.06 update 4 (build 422)
CPU DLL:         SARMCM3.DLL V5.23
Dialog DLL:      DCM.DLL V1.15.0.0
Target DLL:      STLink\ST-LINKIII-KEIL_SWO.dll V2.0.18.0
Dialog DLL:      TCM.DLL V1.27.0.0
 
<h2>Project:</h2>
E:\STM32\ÔÆÌ¨×·×Ù\Demo_V2.2\PWM\USER\PWM.uvprojx
Project File Date:  08/02/2023

<h2>Output:</h2>
*** Using Compiler 'V5.06 update 4 (build 422)', folder: 'D:\My keil5\Noumenon\ARM\ARMCC\Bin'
Build target 'PWM'
compiling main.c...
main.c(99): warning:  #177-D: variable "i"  was declared but never referenced
  	int i;
main.c(412): warning:  #177-D: variable "j"  was declared but never referenced
  	int i,j;
main.c(414): warning:  #177-D: variable "temp1"  was declared but never referenced
  	float temp1,temp2;
main.c(414): warning:  #177-D: variable "temp2"  was declared but never referenced
  	float temp1,temp2;
main.c(587): warning:  #177-D: variable "int_Value"  was declared but never referenced
  	int int_Value;
main.c(588): warning:  #177-D: variable "float_Value"  was declared but never referenced
  	float float_Value;
main.c: 6 warnings, 0 errors
linking...
Program Size: Code=16708 RO-data=784 RW-data=236 ZI-data=2188  
FromELF: creating hex file...
"..\OBJ\NewProject.axf" - 0 Error(s), 6 Warning(s).

<h2>Collection of Component include folders:</h2>
  .\RTE\_PWM
  D:\My keil5\Noumenon\ARM\PACK\Keil\STM32F1xx_DFP\2.1.0\Device\Include

<h2>Collection of Component Files used:</h2>
Build Time Elapsed:  00:00:01
</pre>
</body>
</html>
