Component: ARM Compiler 5.06 update 4 (build 422) Tool: armlink [4d35d2]

==============================================================================

Section Cross References

    main.o(i.Get_Message) refers to noretval__2printf.o(.text) for __2printf
    main.o(i.Get_Message) refers to main.o(i.Arr_Clear) for Arr_Clear
    main.o(i.Get_Message) refers to stm32f10x_usart.o(i.USART_SendData) for USART_SendData
    main.o(i.Get_Message) refers to stm32f10x_usart.o(i.USART_GetFlagStatus) for USART_GetFlagStatus
    main.o(i.Get_Message) refers to usart.o(.data) for USART_RX_STA
    main.o(i.Get_Message) refers to main.o(.bss) for arr
    main.o(i.Get_Message) refers to usart.o(.bss) for USART_RX_BUF
    main.o(i.Get_PTP_POS) refers to main.o(.bss) for ptp
    main.o(i.Get_Screen_POS) refers to _printf_percent.o(.ARM.Collect$$_printf_percent$$00000000) for _printf_percent
    main.o(i.Get_Screen_POS) refers to _printf_d.o(.ARM.Collect$$_printf_percent$$00000009) for _printf_d
    main.o(i.Get_Screen_POS) refers to _printf_dec.o(.text) for _printf_int_dec
    main.o(i.Get_Screen_POS) refers to usart3.o(i.usart3_sendAngleBlock) for usart3_sendAngleBlock
    main.o(i.Get_Screen_POS) refers to delay.o(i.delay_ms) for delay_ms
    main.o(i.Get_Screen_POS) refers to noretval__2printf.o(.text) for __2printf
    main.o(i.Get_Screen_POS) refers to main.o(.data) for Cx
    main.o(i.Get_Screen_POS) refers to main.o(.bss) for Screen_POS
    main.o(i.Input_Handler) refers to delay.o(i.delay_ms) for delay_ms
    main.o(i.Input_Handler) refers to usart3.o(i.usart3_sendAngleBlock) for usart3_sendAngleBlock
    main.o(i.Input_Handler) refers to main.o(.data) for mode
    main.o(i.Message_Handler) refers to _printf_percent.o(.ARM.Collect$$_printf_percent$$00000000) for _printf_percent
    main.o(i.Message_Handler) refers to _printf_d.o(.ARM.Collect$$_printf_percent$$00000009) for _printf_d
    main.o(i.Message_Handler) refers to _printf_dec.o(.text) for _printf_int_dec
    main.o(i.Message_Handler) refers to _printf_f.o(.ARM.Collect$$_printf_percent$$00000003) for _printf_f
    main.o(i.Message_Handler) refers to printf1.o(x$fpl$printf1) for _printf_fp_dec
    main.o(i.Message_Handler) refers to main.o(i.Arr_Clear) for Arr_Clear
    main.o(i.Message_Handler) refers to noretval__2printf.o(.text) for __2printf
    main.o(i.Message_Handler) refers to atoi.o(.text) for atoi
    main.o(i.Message_Handler) refers to fflt_clz.o(x$fpl$fflt) for __aeabi_i2f
    main.o(i.Message_Handler) refers to f2d.o(x$fpl$f2d) for __aeabi_f2d
    main.o(i.Message_Handler) refers to main.o(.bss) for arr
    main.o(i.Message_Handler) refers to main.o(.data) for Target1
    main.o(i.Pos_To_Screen_PWM_X) refers to _printf_percent.o(.ARM.Collect$$_printf_percent$$00000000) for _printf_percent
    main.o(i.Pos_To_Screen_PWM_X) refers to _printf_f.o(.ARM.Collect$$_printf_percent$$00000003) for _printf_f
    main.o(i.Pos_To_Screen_PWM_X) refers to printf1.o(x$fpl$printf1) for _printf_fp_dec
    main.o(i.Pos_To_Screen_PWM_X) refers to faddsub_clz.o(x$fpl$fsub) for __aeabi_fsub
    main.o(i.Pos_To_Screen_PWM_X) refers to faddsub_clz.o(x$fpl$fadd) for __aeabi_fadd
    main.o(i.Pos_To_Screen_PWM_X) refers to fdiv.o(x$fpl$fdiv) for __aeabi_fdiv
    main.o(i.Pos_To_Screen_PWM_X) refers to fflt_clz.o(x$fpl$fflt) for __aeabi_i2f
    main.o(i.Pos_To_Screen_PWM_X) refers to fmul.o(x$fpl$fmul) for __aeabi_fmul
    main.o(i.Pos_To_Screen_PWM_X) refers to f2d.o(x$fpl$f2d) for __aeabi_f2d
    main.o(i.Pos_To_Screen_PWM_X) refers to noretval__2printf.o(.text) for __2printf
    main.o(i.Pos_To_Screen_PWM_X) refers to main.o(.bss) for vertex
    main.o(i.Pos_To_Screen_PWM_Y) refers to _printf_percent.o(.ARM.Collect$$_printf_percent$$00000000) for _printf_percent
    main.o(i.Pos_To_Screen_PWM_Y) refers to _printf_f.o(.ARM.Collect$$_printf_percent$$00000003) for _printf_f
    main.o(i.Pos_To_Screen_PWM_Y) refers to printf1.o(x$fpl$printf1) for _printf_fp_dec
    main.o(i.Pos_To_Screen_PWM_Y) refers to faddsub_clz.o(x$fpl$fsub) for __aeabi_fsub
    main.o(i.Pos_To_Screen_PWM_Y) refers to faddsub_clz.o(x$fpl$fadd) for __aeabi_fadd
    main.o(i.Pos_To_Screen_PWM_Y) refers to fdiv.o(x$fpl$fdiv) for __aeabi_fdiv
    main.o(i.Pos_To_Screen_PWM_Y) refers to fflt_clz.o(x$fpl$fflt) for __aeabi_i2f
    main.o(i.Pos_To_Screen_PWM_Y) refers to fmul.o(x$fpl$fmul) for __aeabi_fmul
    main.o(i.Pos_To_Screen_PWM_Y) refers to f2d.o(x$fpl$f2d) for __aeabi_f2d
    main.o(i.Pos_To_Screen_PWM_Y) refers to noretval__2printf.o(.text) for __2printf
    main.o(i.Pos_To_Screen_PWM_Y) refers to main.o(.bss) for vertex
    main.o(i.Topic_2_Draw_Screen_By_POS) refers to _printf_percent.o(.ARM.Collect$$_printf_percent$$00000000) for _printf_percent
    main.o(i.Topic_2_Draw_Screen_By_POS) refers to _printf_d.o(.ARM.Collect$$_printf_percent$$00000009) for _printf_d
    main.o(i.Topic_2_Draw_Screen_By_POS) refers to _printf_dec.o(.text) for _printf_int_dec
[...]
    ..\HARDWARE\LED.c                        0x00000000   Number         0  led.o ABSOLUTE
    ..\HARDWARE\PID\pid.c                    0x00000000   Number         0  pid.o ABSOLUTE
    ..\HARDWARE\TIMER.c                      0x00000000   Number         0  timer.o ABSOLUTE
    ..\HARDWARE\TIMER3.c                     0x00000000   Number         0  timer3.o ABSOLUTE
    ..\HARDWARE\WHEELS\wheels.c              0x00000000   Number         0  wheels.o ABSOLUTE
    ..\STM32F10x_FWLib\src\misc.c            0x00000000   Number         0  misc.o ABSOLUTE
    ..\STM32F10x_FWLib\src\stm32f10x_adc.c   0x00000000   Number         0  stm32f10x_adc.o ABSOLUTE
    ..\STM32F10x_FWLib\src\stm32f10x_bkp.c   0x00000000   Number         0  stm32f10x_bkp.o ABSOLUTE
    ..\STM32F10x_FWLib\src\stm32f10x_can.c   0x00000000   Number         0  stm32f10x_can.o ABSOLUTE
    ..\STM32F10x_FWLib\src\stm32f10x_cec.c   0x00000000   Number         0  stm32f10x_cec.o ABSOLUTE
    ..\STM32F10x_FWLib\src\stm32f10x_crc.c   0x00000000   Number         0  stm32f10x_crc.o ABSOLUTE
    ..\STM32F10x_FWLib\src\stm32f10x_dac.c   0x00000000   Number         0  stm32f10x_dac.o ABSOLUTE
    ..\STM32F10x_FWLib\src\stm32f10x_dbgmcu.c 0x00000000   Number         0  stm32f10x_dbgmcu.o ABSOLUTE
    ..\STM32F10x_FWLib\src\stm32f10x_dma.c   0x00000000   Number         0  stm32f10x_dma.o ABSOLUTE
    ..\STM32F10x_FWLib\src\stm32f10x_exti.c  0x00000000   Number         0  stm32f10x_exti.o ABSOLUTE
    ..\STM32F10x_FWLib\src\stm32f10x_flash.c 0x00000000   Number         0  stm32f10x_flash.o ABSOLUTE
    ..\STM32F10x_FWLib\src\stm32f10x_fsmc.c  0x00000000   Number         0  stm32f10x_fsmc.o ABSOLUTE
    ..\STM32F10x_FWLib\src\stm32f10x_gpio.c  0x00000000   Number         0  stm32f10x_gpio.o ABSOLUTE
    ..\STM32F10x_FWLib\src\stm32f10x_i2c.c   0x00000000   Number         0  stm32f10x_i2c.o ABSOLUTE
    ..\STM32F10x_FWLib\src\stm32f10x_iwdg.c  0x00000000   Number         0  stm32f10x_iwdg.o ABSOLUTE
    ..\STM32F10x_FWLib\src\stm32f10x_pwr.c   0x00000000   Number         0  stm32f10x_pwr.o ABSOLUTE
    ..\STM32F10x_FWLib\src\stm32f10x_rcc.c   0x00000000   Number         0  stm32f10x_rcc.o ABSOLUTE
    ..\STM32F10x_FWLib\src\stm32f10x_rtc.c   0x00000000   Number         0  stm32f10x_rtc.o ABSOLUTE
    ..\STM32F10x_FWLib\src\stm32f10x_sdio.c  0x00000000   Number         0  stm32f10x_sdio.o ABSOLUTE
    ..\STM32F10x_FWLib\src\stm32f10x_spi.c   0x00000000   Number         0  stm32f10x_spi.o ABSOLUTE
    ..\STM32F10x_FWLib\src\stm32f10x_tim.c   0x00000000   Number         0  stm32f10x_tim.o ABSOLUTE
    ..\STM32F10x_FWLib\src\stm32f10x_usart.c 0x00000000   Number         0  stm32f10x_usart.o ABSOLUTE
    ..\STM32F10x_FWLib\src\stm32f10x_wwdg.c  0x00000000   Number         0  stm32f10x_wwdg.o ABSOLUTE
    ..\SYSTEM\delay\delay.c                  0x00000000   Number         0  delay.o ABSOLUTE
    ..\SYSTEM\sys\sys.c                      0x00000000   Number         0  sys.o ABSOLUTE
    ..\SYSTEM\usart\usart.c                  0x00000000   Number         0  usart.o ABSOLUTE
    ..\SYSTEM\usart\usart3.c                 0x00000000   Number         0  usart3.o ABSOLUTE
    ..\\CORE\\core_cm3.c                     0x00000000   Number         0  core_cm3.o ABSOLUTE
    ..\\SYSTEM\\sys\\sys.c                   0x00000000   Number         0  sys.o ABSOLUTE
    dc.s                                     0x00000000   Number         0  dc.o ABSOLUTE
    main.c                                   0x00000000   Number         0  main.o ABSOLUTE
    stm32f10x_it.c                           0x00000000   Number         0  stm32f10x_it.o ABSOLUTE
    system_stm32f10x.c                       0x00000000   Number         0  system_stm32f10x.o ABSOLUTE
    RESET                                    0x08000000   Section      304  startup_stm32f10x_hd.o(RESET)
    !!!main                                  0x08000130   Section        8  __main.o(!!!main)
    !!!scatter                               0x08000138   Section       52  __scatter.o(!!!scatter)
    !!handler_copy                           0x0800016c   Section       26  __scatter_copy.o(!!handler_copy)
    !!handler_zi                             0x08000188   Section       28  __scatter_zi.o(!!handler_zi)
    .ARM.Collect$$_printf_percent$$00000000  0x080001a4   Section        0  _printf_percent.o(.ARM.Collect$$_printf_percent$$00000000)
    .ARM.Collect$$_printf_percent$$00000003  0x080001a4   Section        6  _printf_f.o(.ARM.Collect$$_printf_percent$$00000003)
    .ARM.Collect$$_printf_percent$$00000009  0x080001aa   Section        6  _printf_d.o(.ARM.Collect$$_printf_percent$$00000009)
    .ARM.Collect$$_printf_percent$$00000017  0x080001b0   Section        4  _printf_percent_end.o(.ARM.Collect$$_printf_percent$$00000017)
    .ARM.Collect$$libinit$$00000000          0x080001b4   Section        2  libinit.o(.ARM.Collect$$libinit$$00000000)
    .ARM.Collect$$libinit$$00000002          0x080001b6   Section        0  libinit2.o(.ARM.Collect$$libinit$$00000002)
    .ARM.Collect$$libinit$$00000004          0x080001b6   Section        0  libinit2.o(.ARM.Collect$$libinit$$00000004)
    .ARM.Collect$$libinit$$0000000A          0x080001b6   Section        0  libinit2.o(.ARM.Collect$$libinit$$0000000A)
    .ARM.Collect$$libinit$$0000000C          0x080001b6   Section        0  libinit2.o(.ARM.Collect$$libinit$$0000000C)
    .ARM.Collect$$libinit$$0000000E          0x080001b6   Section        0  libinit2.o(.ARM.Collect$$libinit$$0000000E)
    .ARM.Collect$$libinit$$0000000F          0x080001b6   Section        6  libinit2.o(.ARM.Collect$$libinit$$0000000F)
    .ARM.Collect$$libinit$$00000011          0x080001bc   Section        0  libinit2.o(.ARM.Collect$$libinit$$00000011)
    .ARM.Collect$$libinit$$00000012          0x080001bc   Section       12  libinit2.o(.ARM.Collect$$libinit$$00000012)
    .ARM.Collect$$libinit$$00000013          0x080001c8   Section        0  libinit2.o(.ARM.Collect$$libinit$$00000013)
    .ARM.Collect$$libinit$$00000015          0x080001c8   Section        0  libinit2.o(.ARM.Collect$$libinit$$00000015)
    .ARM.Collect$$libinit$$00000016          0x080001c8   Section       10  libinit2.o(.ARM.Collect$$libinit$$00000016)
    .ARM.Collect$$libinit$$00000017          0x080001d2   Section        0  libinit2.o(.ARM.Collect$$libinit$$00000017)
    .ARM.Collect$$libinit$$00000019          0x080001d2   Section        0  libinit2.o(.ARM.Collect$$libinit$$00000019)
    .ARM.Collect$$libinit$$0000001B          0x080001d2   Section        0  libinit2.o(.ARM.Collect$$libinit$$0000001B)
    .ARM.Collect$$libinit$$0000001D          0x080001d2   Section        0  libinit2.o(.ARM.Collect$$libinit$$0000001D)
    .ARM.Collect$$libinit$$0000001F          0x080001d2   Section        0  libinit2.o(.ARM.Collect$$libinit$$0000001F)
    .ARM.Collect$$libinit$$00000021          0x080001d2   Section        0  libinit2.o(.ARM.Collect$$libinit$$00000021)
    .ARM.Collect$$libinit$$00000023          0x080001d2   Section        0  libinit2.o(.ARM.Collect$$libinit$$00000023)
    .ARM.Collect$$libinit$$00000025          0x080001d2   Section        0  libinit2.o(.ARM.Collect$$libinit$$00000025)
    .ARM.Collect$$libinit$$0000002C          0x080001d2   Section        0  libinit2.o(.ARM.Collect$$libinit$$0000002C)
    .ARM.Collect$$libinit$$0000002E          0x080001d2   Section        0  libinit2.o(.ARM.Collect$$libinit$$0000002E)
    .ARM.Collect$$libinit$$00000030          0x080001d2   Section        0  libinit2.o(.ARM.Collect$$libinit$$00000030)
    .ARM.Collect$$libinit$$00000032          0x080001d2   Section        0  libinit2.o(.ARM.Collect$$libinit$$00000032)
    .ARM.Collect$$libinit$$00000033          0x080001d2   Section        2  libinit2.o(.ARM.Collect$$libinit$$00000033)
    .ARM.Collect$$libshutdown$$00000000      0x080001d4   Section        2  libshutdown.o(.ARM.Collect$$libshutdown$$00000000)
    .ARM.Collect$$libshutdown$$00000002      0x080001d6   Section        0  libshutdown2.o(.ARM.Collect$$libshutdown$$00000002)
    .ARM.Collect$$libshutdown$$00000004      0x080001d6   Section        0  libshutdown2.o(.ARM.Collect$$libshutdown$$00000004)
    .ARM.Collect$$libshutdown$$00000007      0x080001d6   Section        0  libshutdown2.o(.ARM.Collect$$libshutdown$$00000007)
    .ARM.Collect$$libshutdown$$0000000A      0x080001d6   Section        0  libshutdown2.o(.ARM.Collect$$libshutdown$$0000000A)
    .ARM.Collect$$libshutdown$$0000000C      0x080001d6   Section        0  libshutdown2.o(.ARM.Collect$$libshutdown$$0000000C)
    .ARM.Collect$$libshutdown$$0000000F      0x080001d6   Section        0  libshutdown2.o(.ARM.Collect$$libshutdown$$0000000F)
    .ARM.Collect$$libshutdown$$00000010      0x080001d6   Section        2  libshutdown2.o(.ARM.Collect$$libshutdown$$00000010)
    .ARM.Collect$$rtentry$$00000000          0x080001d8   Section        0  __rtentry.o(.ARM.Collect$$rtentry$$00000000)
    .ARM.Collect$$rtentry$$00000002          0x080001d8   Section        0  __rtentry2.o(.ARM.Collect$$rtentry$$00000002)
    .ARM.Collect$$rtentry$$00000004          0x080001d8   Section        6  __rtentry4.o(.ARM.Collect$$rtentry$$00000004)
    .ARM.Collect$$rtentry$$00000009          0x080001de   Section        0  __rtentry2.o(.ARM.Collect$$rtentry$$00000009)
    .ARM.Collect$$rtentry$$0000000A          0x080001de   Section        4  __rtentry2.o(.ARM.Collect$$rtentry$$0000000A)
    .ARM.Collect$$rtentry$$0000000C          0x080001e2   Section        0  __rtentry2.o(.ARM.Collect$$rtentry$$0000000C)
    .ARM.Collect$$rtentry$$0000000D          0x080001e2   Section        8  __rtentry2.o(.ARM.Collect$$rtentry$$0000000D)
    .ARM.Collect$$rtexit$$00000000           0x080001ea   Section        2  rtexit.o(.ARM.Collect$$rtexit$$00000000)
    .ARM.Collect$$rtexit$$00000002           0x080001ec   Section        0  rtexit2.o(.ARM.Collect$$rtexit$$00000002)
    .ARM.Collect$$rtexit$$00000003           0x080001ec   Section        4  rtexit2.o(.ARM.Collect$$rtexit$$00000003)
    .ARM.Collect$$rtexit$$00000004           0x080001f0   Section        6  rtexit2.o(.ARM.Collect$$rtexit$$00000004)
    .text                                    0x080001f8   Section       64  startup_stm32f10x_hd.o(.text)
    .text                                    0x08000238   Section        2  use_no_semi_2.o(.text)
    .text                                    0x0800023c   Section        0  noretval__2printf.o(.text)
    .text                                    0x08000254   Section        0  _printf_dec.o(.text)
    .text                                    0x080002cc   Section        0  __printf_wp.o(.text)
    .text                                    0x080003da   Section        0  atoi.o(.text)
    .text                                    0x080003f4   Section        0  heapauxi.o(.text)
    .text                                    0x080003fa   Section        2  use_no_semi.o(.text)
    .text                                    0x080003fc   Section        8  rt_errno_addr_intlibspace.o(.text)
    .text                                    0x08000404   Section        0  _printf_intcommon.o(.text)
    .text                                    0x080004b6   Section        0  _printf_fp_dec.o(.text)
    _fp_digits                               0x080004b9   Thumb Code   428  _printf_fp_dec.o(.text)
    .text                                    0x080008d0   Section        0  _printf_char_file.o(.text)
    .text                                    0x080008f4   Section        0  strtol.o(.text)
    .text                                    0x08000964   Section        8  libspace.o(.text)
    .text                                    0x0800096c   Section       16  rt_ctype_table.o(.text)
    .text                                    0x0800097c   Section        8  rt_locale_intlibspace.o(.text)
    .text                                    0x08000984   Section      138  lludiv10.o(.text)
    .text                                    0x08000a10   Section        0  _printf_char_common.o(.text)
    _printf_input_char                       0x08000a11   Thumb Code    10  _printf_char_common.o(.text)
    .text                                    0x08000a40   Section        0  _printf_fp_infnan.o(.text)
    .text                                    0x08000ac0   Section        0  _strtoul.o(.text)
    .text                                    0x08000b60   Section        0  bigflt0.o(.text)
    .text                                    0x08000c3c   Section        0  ferror.o(.text)
    .text                                    0x08000c44   Section       74  sys_stackheap_outer.o(.text)
    .text                                    0x08000c8e   Section        0  _chval.o(.text)
    .text                                    0x08000caa   Section        0  exit.o(.text)
    .text                                    0x08000cbc   Section      128  strcmpv7m.o(.text)
    CL$$btod_d2e                             0x08000d3c   Section       62  btod.o(CL$$btod_d2e)
    CL$$btod_d2e_denorm_low                  0x08000d7a   Section       70  btod.o(CL$$btod_d2e_denorm_low)
    CL$$btod_d2e_norm_op1                    0x08000dc0   Section       96  btod.o(CL$$btod_d2e_norm_op1)
    CL$$btod_div_common                      0x08000e20   Section      824  btod.o(CL$$btod_div_common)
    CL$$btod_e2e                             0x08001158   Section      198  btod.o(CL$$btod_e2e)
    CL$$btod_ediv                            0x0800121e   Section       40  btod.o(CL$$btod_ediv)
    CL$$btod_emul                            0x08001246   Section       40  btod.o(CL$$btod_emul)
    CL$$btod_mult_common                     0x0800126e   Section      580  btod.o(CL$$btod_mult_common)
    i.Arr_Clear                              0x080014b2   Section        0  main.o(i.Arr_Clear)
    i.Asix_Control                           0x080014c4   Section        0  wheels.o(i.Asix_Control)
    i.BusFault_Handler                       0x080015b8   Section        0  stm32f10x_it.o(i.BusFault_Handler)
    i.CAM_Data_handle                        0x080015bc   Section        0  usart3.o(i.CAM_Data_handle)
    i.DebugMon_Handler                       0x0800165c   Section        0  stm32f10x_it.o(i.DebugMon_Handler)
    i.GPIO_Init                              0x0800165e   Section        0  stm32f10x_gpio.o(i.GPIO_Init)
    i.GPIO_ResetBits                         0x08001774   Section        0  stm32f10x_gpio.o(i.GPIO_ResetBits)
    i.Get_Message                            0x08001778   Section        0  main.o(i.Get_Message)
    i.Get_PTP_POS                            0x08001800   Section        0  main.o(i.Get_PTP_POS)
    i.Get_Screen_POS                         0x08001874   Section        0  main.o(i.Get_Screen_POS)
    i.HardFault_Handler                      0x080019f0   Section        0  stm32f10x_it.o(i.HardFault_Handler)
    i.Input_GPIO_Init                        0x080019f4   Section        0  gpio.o(i.Input_GPIO_Init)
    i.Input_Handler                          0x08001a60   Section        0  main.o(i.Input_Handler)
    i.LED_GPIO_Init                          0x08001b04   Section        0  gpio.o(i.LED_GPIO_Init)
    i.MemManage_Handler                      0x08001b74   Section        0  stm32f10x_it.o(i.MemManage_Handler)
    i.Message_Handler                        0x08001b78   Section        0  main.o(i.Message_Handler)
    i.My_USART3_Init                         0x08001f5c   Section        0  usart3.o(i.My_USART3_Init)
    i.NMI_Handler                            0x08002010   Section        0  stm32f10x_it.o(i.NMI_Handler)
    i.NVIC_Init                              0x08002014   Section        0  misc.o(i.NVIC_Init)
    i.NVIC_PriorityGroupConfig               0x08002084   Section        0  misc.o(i.NVIC_PriorityGroupConfig)
    i.PendSV_Handler                         0x08002098   Section        0  stm32f10x_it.o(i.PendSV_Handler)
    i.Position_PID_1                         0x0800209c   Section        0  wheels.o(i.Position_PID_1)
    i.Position_PID_2                         0x08002150   Section        0  wheels.o(i.Position_PID_2)
    i.RCC_APB1PeriphClockCmd                 0x08002204   Section        0  stm32f10x_rcc.o(i.RCC_APB1PeriphClockCmd)
    i.RCC_APB2PeriphClockCmd                 0x08002224   Section        0  stm32f10x_rcc.o(i.RCC_APB2PeriphClockCmd)
    i.RCC_GetClocksFreq                      0x08002244   Section        0  stm32f10x_rcc.o(i.RCC_GetClocksFreq)
    i.Reset_Wheels                           0x08002318   Section        0  wheels.o(i.Reset_Wheels)
    i.SVC_Handler                            0x0800244c   Section        0  stm32f10x_it.o(i.SVC_Handler)
    i.SetSysClock                            0x0800244e   Section        0  system_stm32f10x.o(i.SetSysClock)
    SetSysClock                              0x0800244f   Thumb Code     8  system_stm32f10x.o(i.SetSysClock)
    i.SetSysClockTo72                        0x08002458   Section        0  system_stm32f10x.o(i.SetSysClockTo72)
    SetSysClockTo72                          0x08002459   Thumb Code   214  system_stm32f10x.o(i.SetSysClockTo72)
    i.Set_Pwm                                0x08002538   Section        0  wheels.o(i.Set_Pwm)
    i.SysTick_CLKSourceConfig                0x080025cc   Section        0  misc.o(i.SysTick_CLKSourceConfig)
    i.SysTick_Handler                        0x080025f4   Section        0  stm32f10x_it.o(i.SysTick_Handler)
    i.SystemInit                             0x080025f8   Section        0  system_stm32f10x.o(i.SystemInit)
    i.TIM2_IRQHandler                        0x08002658   Section        0  timer.o(i.TIM2_IRQHandler)
    i.TIM2_PWM_Init                          0x08002684   Section        0  timer.o(i.TIM2_PWM_Init)
    i.TIM3_IRQHandler                        0x0800272c   Section        0  wheels.o(i.TIM3_IRQHandler)
    i.TIM3_Int_Init                          0x08002794   Section        0  timer3.o(i.TIM3_Int_Init)
    i.TIM_ARRPreloadConfig                   0x080027f0   Section        0  stm32f10x_tim.o(i.TIM_ARRPreloadConfig)
    i.TIM_ClearITPendingBit                  0x08002808   Section        0  stm32f10x_tim.o(i.TIM_ClearITPendingBit)
    i.TIM_Cmd                                0x0800280e   Section        0  stm32f10x_tim.o(i.TIM_Cmd)
    i.TIM_GetITStatus                        0x08002826   Section        0  stm32f10x_tim.o(i.TIM_GetITStatus)
    i.TIM_ITConfig                           0x08002848   Section        0  stm32f10x_tim.o(i.TIM_ITConfig)
    i.TIM_OC1Init                            0x0800285c   Section        0  stm32f10x_tim.o(i.TIM_OC1Init)
    i.TIM_OC1PreloadConfig                   0x080028f4   Section        0  stm32f10x_tim.o(i.TIM_OC1PreloadConfig)
    i.TIM_OC2Init                            0x08002908   Section        0  stm32f10x_tim.o(i.TIM_OC2Init)
    i.TIM_OC2PreloadConfig                   0x080029ac   Section        0  stm32f10x_tim.o(i.TIM_OC2PreloadConfig)
    i.TIM_SetCompare1                        0x080029c6   Section        0  stm32f10x_tim.o(i.TIM_SetCompare1)
    i.TIM_SetCompare2                        0x080029ca   Section        0  stm32f10x_tim.o(i.TIM_SetCompare2)
    i.TIM_TimeBaseInit                       0x080029d0   Section        0  stm32f10x_tim.o(i.TIM_TimeBaseInit)
    i.Topic_2_Draw_Screen_By_POS             0x08002a74   Section        0  main.o(i.Topic_2_Draw_Screen_By_POS)
    i.Topic_3_Draw_Rectangle                 0x08002de4   Section        0  main.o(i.Topic_3_Draw_Rectangle)
    i.USART1_IRQHandler                      0x08003024   Section        0  usart.o(i.USART1_IRQHandler)
    i.USART3_IRQHandler                      0x080030ac   Section        0  usart3.o(i.USART3_IRQHandler)
    i.USART_Cmd                              0x08003140   Section        0  stm32f10x_usart.o(i.USART_Cmd)
    i.USART_GetFlagStatus                    0x08003158   Section        0  stm32f10x_usart.o(i.USART_GetFlagStatus)
    i.USART_GetITStatus                      0x08003172   Section        0  stm32f10x_usart.o(i.USART_GetITStatus)
    i.USART_ITConfig                         0x080031c6   Section        0  stm32f10x_usart.o(i.USART_ITConfig)
    i.USART_Init                             0x08003210   Section        0  stm32f10x_usart.o(i.USART_Init)
    i.USART_ReceiveData                      0x080032e8   Section        0  stm32f10x_usart.o(i.USART_ReceiveData)
    i.USART_SendData                         0x080032f2   Section        0  stm32f10x_usart.o(i.USART_SendData)
    i.UsageFault_Handler                     0x080032fa   Section        0  stm32f10x_it.o(i.UsageFault_Handler)
    i.Wheel_Value_Init                       0x08003300   Section        0  wheels.o(i.Wheel_Value_Init)
    i.Xianfu_Pwm                             0x08003370   Section        0  wheels.o(i.Xianfu_Pwm)
    i.Xianfu_Velocity                        0x080033fc   Section        0  wheels.o(i.Xianfu_Velocity)
    i.__ARM_fpclassify                       0x08003484   Section        0  fpclassify.o(i.__ARM_fpclassify)
    i._is_digit                              0x080034ac   Section        0  __printf_wp.o(i._is_digit)
    i._sys_exit                              0x080034ba   Section        0  usart.o(i._sys_exit)
    i.delay_init                             0x080034c0   Section        0  delay.o(i.delay_init)
    i.delay_ms                               0x08003504   Section        0  delay.o(i.delay_ms)
    i.fputc                                  0x08003550   Section        0  usart.o(i.fputc)
    i.main                                   0x0800356c   Section        0  main.o(i.main)
    i.myabs                                  0x08003684   Section        0  wheels.o(i.myabs)
    i.uart_init                              0x08003694   Section        0  usart.o(i.uart_init)
    i.usart3_send                            0x08003734   Section        0  usart3.o(i.usart3_send)
    i.usart3_sendAngleBlock                  0x08003750   Section        0  usart3.o(i.usart3_sendAngleBlock)
    locale$$code                             0x0800375c   Section       44  lc_numeric_c.o(locale$$code)
    locale$$code                             0x08003788   Section       44  lc_ctype_c.o(locale$$code)
    x$fpl$d2f                                0x080037b4   Section       98  d2f.o(x$fpl$d2f)
    x$fpl$dadd                               0x08003818   Section      336  daddsub_clz.o(x$fpl$dadd)
    _dadd1                                   0x08003829   Thumb Code     0  daddsub_clz.o(x$fpl$dadd)
    x$fpl$dnaninf                            0x08003968   Section      156  dnaninf.o(x$fpl$dnaninf)
    x$fpl$dretinf                            0x08003a04   Section       12  dretinf.o(x$fpl$dretinf)
    x$fpl$dsub                               0x08003a10   Section      468  daddsub_clz.o(x$fpl$dsub)
    _dsub1                                   0x08003a21   Thumb Code     0  daddsub_clz.o(x$fpl$dsub)
    x$fpl$f2d                                0x08003be4   Section       86  f2d.o(x$fpl$f2d)
    x$fpl$fadd                               0x08003c3c   Section      196  faddsub_clz.o(x$fpl$fadd)
    _fadd1                                   0x08003c4b   Thumb Code     0  faddsub_clz.o(x$fpl$fadd)
    x$fpl$fcmpinf                            0x08003d00   Section       24  fcmpi.o(x$fpl$fcmpinf)
    x$fpl$fdiv                               0x08003d18   Section      388  fdiv.o(x$fpl$fdiv)
    _fdiv1                                   0x08003d19   Thumb Code     0  fdiv.o(x$fpl$fdiv)
    x$fpl$ffixu                              0x08003e9c   Section       62  ffixu.o(x$fpl$ffixu)
    x$fpl$fflt                               0x08003edc   Section       48  fflt_clz.o(x$fpl$fflt)
    x$fpl$fleqf                              0x08003f0c   Section      104  fleqf.o(x$fpl$fleqf)
    x$fpl$fmul                               0x08003f74   Section      258  fmul.o(x$fpl$fmul)
    x$fpl$fnaninf                            0x08004076   Section      140  fnaninf.o(x$fpl$fnaninf)
    x$fpl$fretinf                            0x08004102   Section       10  fretinf.o(x$fpl$fretinf)
    x$fpl$frleqf                             0x0800410c   Section       98  frleqf.o(x$fpl$frleqf)
    x$fpl$frsb                               0x0800416e   Section       20  faddsub_clz.o(x$fpl$frsb)
    x$fpl$fsub                               0x08004184   Section      234  faddsub_clz.o(x$fpl$fsub)
    _fsub1                                   0x08004193   Thumb Code     0  faddsub_clz.o(x$fpl$fsub)
    x$fpl$printf1                            0x0800426e   Section        4  printf1.o(x$fpl$printf1)
    x$fpl$usenofp                            0x08004272   Section        0  usenofp.o(x$fpl$usenofp)
    .constdata                               0x08004274   Section      148  bigflt0.o(.constdata)
    tenpwrs_x                                0x08004274   Data          60  bigflt0.o(.constdata)
    tenpwrs_i                                0x080042b0   Data          64  bigflt0.o(.constdata)
    locale$$data                             0x08004328   Section       28  lc_numeric_c.o(locale$$data)
    __lcnum_c_name                           0x0800432c   Data           2  lc_numeric_c.o(locale$$data)
    __lcnum_c_start                          0x08004334   Data           0  lc_numeric_c.o(locale$$data)
    __lcnum_c_point                          0x08004340   Data           0  lc_numeric_c.o(locale$$data)
    __lcnum_c_thousands                      0x08004342   Data           0  lc_numeric_c.o(locale$$data)
    __lcnum_c_grouping                       0x08004343   Data           0  lc_numeric_c.o(locale$$data)
    locale$$data                             0x08004344   Section      272  lc_ctype_c.o(locale$$data)
    __lcnum_c_end                            0x08004344   Data           0  lc_numeric_c.o(locale$$data)
    __lcctype_c_name                         0x08004348   Data           2  lc_ctype_c.o(locale$$data)
    __lcctype_c_start                        0x08004350   Data           0  lc_ctype_c.o(locale$$data)
    __lcctype_c_end                          0x08004454   Data           0  lc_ctype_c.o(locale$$data)
    .data                                    0x20000000   Section      148  main.o(.data)
    .data                                    0x20000094   Section       20  system_stm32f10x.o(.data)
    .data                                    0x200000a8   Section       20  stm32f10x_rcc.o(.data)
    APBAHBPrescTable                         0x200000a8   Data          16  stm32f10x_rcc.o(.data)
    ADCPrescTable                            0x200000b8   Data           4  stm32f10x_rcc.o(.data)
    .data                                    0x200000bc   Section        4  delay.o(.data)
    fac_us                                   0x200000bc   Data           1  delay.o(.data)
    fac_ms                                   0x200000be   Data           2  delay.o(.data)
    .data                                    0x200000c0   Section        6  usart.o(.data)
    .data                                    0x200000c6   Section        4  usart3.o(.data)
    count                                    0x200000c6   Data           1  usart3.o(.data)
    last_data                                0x200000c7   Data           1  usart3.o(.data)
    last_last_data                           0x200000c8   Data           1  usart3.o(.data)
    head_received                            0x200000c9   Data           1  usart3.o(.data)
    .data                                    0x200000cc   Section       32  wheels.o(.data)
    Bias                                     0x200000cc   Data           4  wheels.o(.data)
    Pwm                                      0x200000d0   Data           4  wheels.o(.data)
    Integral_bias                            0x200000d4   Data           4  wheels.o(.data)
    Last_Bias                                0x200000d8   Data           4  wheels.o(.data)
    Bias                                     0x200000dc   Data           4  wheels.o(.data)
    Pwm                                      0x200000e0   Data           4  wheels.o(.data)
    Integral_bias                            0x200000e4   Data           4  wheels.o(.data)
    Last_Bias                                0x200000e8   Data           4  wheels.o(.data)
    .bss                                     0x200000ec   Section      353  main.o(.bss)
    .bss                                     0x2000024d   Section      200  usart.o(.bss)
    .bss                                     0x20000318   Section       96  libspace.o(.bss)
    HEAP                                     0x20000378   Section      512  startup_stm32f10x_hd.o(HEAP)
    Heap_Mem                                 0x20000378   Data         512  startup_stm32f10x_hd.o(HEAP)
    STACK                                    0x20000578   Section     1024  startup_stm32f10x_hd.o(STACK)
    Stack_Mem                                0x20000578   Data        1024  startup_stm32f10x_hd.o(STACK)
    __initial_sp                             0x20000978   Data           0  startup_stm32f10x_hd.o(STACK)

    Global Symbols

    Symbol Name                              Value     Ov Type        Size  Object(Section)

    BuildAttributes$$THM_ISAv4$P$D$K$B$S$PE$A:L22UL41UL21$X:L11$S22US41US21$IEEE1$IW$USESV6$~STKCKD$USESV7$~SHL$OTIME$ROPI$IEEEJ$EBA8$UX$STANDARDLIB$REQ8$PRES8$EABIv2 0x00000000   Number         0  anon$$obj.o ABSOLUTE
    __ARM_use_no_argv                        0x00000000   Number         0  main.o ABSOLUTE
    _printf_flags                            0x00000000   Number         0  printf_stubs.o ABSOLUTE
    _printf_return_value                     0x00000000   Number         0  printf_stubs.o ABSOLUTE
    _printf_sizespec                         0x00000000   Number         0  printf_stubs.o ABSOLUTE
    _printf_widthprec                        0x00000000   Number         0  printf_stubs.o ABSOLUTE
    __ARM_exceptions_init                     - Undefined Weak Reference
    __alloca_initialize                       - Undefined Weak Reference
    __arm_preinit_                            - Undefined Weak Reference
    __cpp_initialize__aeabi_                  - Undefined Weak Reference
    __cxa_finalize                            - Undefined Weak Reference
    __sigvec_lookup                           - Undefined Weak Reference
    _atexit_init                              - Undefined Weak Reference
    _call_atexit_fns                          - Undefined Weak Reference
    _clock_init                               - Undefined Weak Reference
    _fp_trap_init                             - Undefined Weak Reference
    _fp_trap_shutdown                         - Undefined Weak Reference
    _get_lc_collate                           - Undefined Weak Reference
    _get_lc_monetary                          - Undefined Weak Reference
    _get_lc_time                              - Undefined Weak Reference
    _getenv_init                              - Undefined Weak Reference
    _handle_redirection                       - Undefined Weak Reference
    _init_alloc                               - Undefined Weak Reference
    _init_user_alloc                          - Undefined Weak Reference
    _initio                                   - Undefined Weak Reference
    _mutex_acquire                            - Undefined Weak Reference
    _mutex_release                            - Undefined Weak Reference
    _printf_post_padding                      - Undefined Weak Reference
    _printf_pre_padding                       - Undefined Weak Reference
    _printf_truncate_signed                   - Undefined Weak Reference
    _printf_truncate_unsigned                 - Undefined Weak Reference
    _rand_init                                - Undefined Weak Reference
    _signal_finish                            - Undefined Weak Reference
    _signal_init                              - Undefined Weak Reference
    _terminate_alloc                          - Undefined Weak Reference
    _terminate_user_alloc                     - Undefined Weak Reference
    _terminateio                              - Undefined Weak Reference
    __Vectors_Size                           0x00000130   Number         0  startup_stm32f10x_hd.o ABSOLUTE
    __Vectors                                0x08000000   Data           4  startup_stm32f10x_hd.o(RESET)
    __Vectors_End                            0x08000130   Data           0  startup_stm32f10x_hd.o(RESET)
    __main                                   0x08000131   Thumb Code     8  __main.o(!!!main)
    __scatterload                            0x08000139   Thumb Code     0  __scatter.o(!!!scatter)
    __scatterload_rt2                        0x08000139   Thumb Code    44  __scatter.o(!!!scatter)
    __scatterload_rt2_thumb_only             0x08000139   Thumb Code     0  __scatter.o(!!!scatter)
    __scatterload_null                       0x08000147   Thumb Code     0  __scatter.o(!!!scatter)
    __scatterload_copy                       0x0800016d   Thumb Code    26  __scatter_copy.o(!!handler_copy)
    __scatterload_zeroinit                   0x08000189   Thumb Code    28  __scatter_zi.o(!!handler_zi)
    _printf_f                                0x080001a5   Thumb Code     0  _printf_f.o(.ARM.Collect$$_printf_percent$$00000003)
    _printf_percent                          0x080001a5   Thumb Code     0  _printf_percent.o(.ARM.Collect$$_printf_percent$$00000000)
    _printf_d                                0x080001ab   Thumb Code     0  _printf_d.o(.ARM.Collect$$_printf_percent$$00000009)
    _printf_percent_end                      0x080001b1   Thumb Code     0  _printf_percent_end.o(.ARM.Collect$$_printf_percent$$00000017)
    __rt_lib_init                            0x080001b5   Thumb Code     0  libinit.o(.ARM.Collect$$libinit$$00000000)
    __rt_lib_init_fp_1                       0x080001b7   Thumb Code     0  libinit2.o(.ARM.Collect$$libinit$$00000002)
    __rt_lib_init_heap_1                     0x080001b7   Thumb Code     0  libinit2.o(.ARM.Collect$$libinit$$0000000A)
    __rt_lib_init_lc_common                  0x080001b7   Thumb Code     0  libinit2.o(.ARM.Collect$$libinit$$0000000F)
    __rt_lib_init_preinit_1                  0x080001b7   Thumb Code     0  libinit2.o(.ARM.Collect$$libinit$$00000004)
    __rt_lib_init_rand_1                     0x080001b7   Thumb Code     0  libinit2.o(.ARM.Collect$$libinit$$0000000E)
    __rt_lib_init_user_alloc_1               0x080001b7   Thumb Code     0  libinit2.o(.ARM.Collect$$libinit$$0000000C)
    __rt_lib_init_lc_collate_1               0x080001bd   Thumb Code     0  libinit2.o(.ARM.Collect$$libinit$$00000011)
    __rt_lib_init_lc_ctype_2                 0x080001bd   Thumb Code     0  libinit2.o(.ARM.Collect$$libinit$$00000012)
    __rt_lib_init_lc_ctype_1                 0x080001c9   Thumb Code     0  libinit2.o(.ARM.Collect$$libinit$$00000013)
    __rt_lib_init_lc_monetary_1              0x080001c9   Thumb Code     0  libinit2.o(.ARM.Collect$$libinit$$00000015)
    __rt_lib_init_lc_numeric_2               0x080001c9   Thumb Code     0  libinit2.o(.ARM.Collect$$libinit$$00000016)
    __rt_lib_init_alloca_1                   0x080001d3   Thumb Code     0  libinit2.o(.ARM.Collect$$libinit$$0000002E)
    __rt_lib_init_argv_1                     0x080001d3   Thumb Code     0  libinit2.o(.ARM.Collect$$libinit$$0000002C)
    __rt_lib_init_atexit_1                   0x080001d3   Thumb Code     0  libinit2.o(.ARM.Collect$$libinit$$0000001B)
    __rt_lib_init_clock_1                    0x080001d3   Thumb Code     0  libinit2.o(.ARM.Collect$$libinit$$00000021)
    __rt_lib_init_cpp_1                      0x080001d3   Thumb Code     0  libinit2.o(.ARM.Collect$$libinit$$00000032)
    __rt_lib_init_exceptions_1               0x080001d3   Thumb Code     0  libinit2.o(.ARM.Collect$$libinit$$00000030)
    __rt_lib_init_fp_trap_1                  0x080001d3   Thumb Code     0  libinit2.o(.ARM.Collect$$libinit$$0000001F)
    __rt_lib_init_getenv_1                   0x080001d3   Thumb Code     0  libinit2.o(.ARM.Collect$$libinit$$00000023)
    __rt_lib_init_lc_numeric_1               0x080001d3   Thumb Code     0  libinit2.o(.ARM.Collect$$libinit$$00000017)
    __rt_lib_init_lc_time_1                  0x080001d3   Thumb Code     0  libinit2.o(.ARM.Collect$$libinit$$00000019)
    __rt_lib_init_return                     0x080001d3   Thumb Code     0  libinit2.o(.ARM.Collect$$libinit$$00000033)
    __rt_lib_init_signal_1                   0x080001d3   Thumb Code     0  libinit2.o(.ARM.Collect$$libinit$$0000001D)
    __rt_lib_init_stdio_1                    0x080001d3   Thumb Code     0  libinit2.o(.ARM.Collect$$libinit$$00000025)
    __rt_lib_shutdown                        0x080001d5   Thumb Code     0  libshutdown.o(.ARM.Collect$$libshutdown$$00000000)
    __rt_lib_shutdown_cpp_1                  0x080001d7   Thumb Code     0  libshutdown2.o(.ARM.Collect$$libshutdown$$00000002)
    __rt_lib_shutdown_fp_trap_1              0x080001d7   Thumb Code     0  libshutdown2.o(.ARM.Collect$$libshutdown$$00000007)
    __rt_lib_shutdown_heap_1                 0x080001d7   Thumb Code     0  libshutdown2.o(.ARM.Collect$$libshutdown$$0000000F)
    __rt_lib_shutdown_return                 0x080001d7   Thumb Code     0  libshutdown2.o(.ARM.Collect$$libshutdown$$00000010)
    __rt_lib_shutdown_signal_1               0x080001d7   Thumb Code     0  libshutdown2.o(.ARM.Collect$$libshutdown$$0000000A)
    __rt_lib_shutdown_stdio_1                0x080001d7   Thumb Code     0  libshutdown2.o(.ARM.Collect$$libshutdown$$00000004)
    __rt_lib_shutdown_user_alloc_1           0x080001d7   Thumb Code     0  libshutdown2.o(.ARM.Collect$$libshutdown$$0000000C)
    __rt_entry                               0x080001d9   Thumb Code     0  __rtentry.o(.ARM.Collect$$rtentry$$00000000)
    __rt_entry_presh_1                       0x080001d9   Thumb Code     0  __rtentry2.o(.ARM.Collect$$rtentry$$00000002)
    __rt_entry_sh                            0x080001d9   Thumb Code     0  __rtentry4.o(.ARM.Collect$$rtentry$$00000004)
    __rt_entry_li                            0x080001df   Thumb Code     0  __rtentry2.o(.ARM.Collect$$rtentry$$0000000A)
    __rt_entry_postsh_1                      0x080001df   Thumb Code     0  __rtentry2.o(.ARM.Collect$$rtentry$$00000009)
    __rt_entry_main                          0x080001e3   Thumb Code     0  __rtentry2.o(.ARM.Collect$$rtentry$$0000000D)
    __rt_entry_postli_1                      0x080001e3   Thumb Code     0  __rtentry2.o(.ARM.Collect$$rtentry$$0000000C)
    __rt_exit                                0x080001eb   Thumb Code     0  rtexit.o(.ARM.Collect$$rtexit$$00000000)
    __rt_exit_ls                             0x080001ed   Thumb Code     0  rtexit2.o(.ARM.Collect$$rtexit$$00000003)
    __rt_exit_prels_1                        0x080001ed   Thumb Code     0  rtexit2.o(.ARM.Collect$$rtexit$$00000002)
    __rt_exit_exit                           0x080001f1   Thumb Code     0  rtexit2.o(.ARM.Collect$$rtexit$$00000004)
    Reset_Handler                            0x080001f9   Thumb Code     8  startup_stm32f10x_hd.o(.text)
    ADC1_2_IRQHandler                        0x08000213   Thumb Code     0  startup_stm32f10x_hd.o(.text)
    ADC3_IRQHandler                          0x08000213   Thumb Code     0  startup_stm32f10x_hd.o(.text)
    CAN1_RX1_IRQHandler                      0x08000213   Thumb Code     0  startup_stm32f10x_hd.o(.text)
    CAN1_SCE_IRQHandler                      0x08000213   Thumb Code     0  startup_stm32f10x_hd.o(.text)
    DMA1_Channel1_IRQHandler                 0x08000213   Thumb Code     0  startup_stm32f10x_hd.o(.text)
    DMA1_Channel2_IRQHandler                 0x08000213   Thumb Code     0  startup_stm32f10x_hd.o(.text)
    DMA1_Channel3_IRQHandler                 0x08000213   Thumb Code     0  startup_stm32f10x_hd.o(.text)
    DMA1_Channel4_IRQHandler                 0x08000213   Thumb Code     0  startup_stm32f10x_hd.o(.text)
    DMA1_Channel5_IRQHandler                 0x08000213   Thumb Code     0  startup_stm32f10x_hd.o(.text)
    DMA1_Channel6_IRQHandler                 0x08000213   Thumb Code     0  startup_stm32f10x_hd.o(.text)
    DMA1_Channel7_IRQHandler                 0x08000213   Thumb Code     0  startup_stm32f10x_hd.o(.text)
    DMA2_Channel1_IRQHandler                 0x08000213   Thumb Code     0  startup_stm32f10x_hd.o(.text)
    DMA2_Channel2_IRQHandler                 0x08000213   Thumb Code     0  startup_stm32f10x_hd.o(.text)
    DMA2_Channel3_IRQHandler                 0x08000213   Thumb Code     0  startup_stm32f10x_hd.o(.text)
    DMA2_Channel4_5_IRQHandler               0x08000213   Thumb Code     0  startup_stm32f10x_hd.o(.text)
    EXTI0_IRQHandler                         0x08000213   Thumb Code     0  startup_stm32f10x_hd.o(.text)
    EXTI15_10_IRQHandler                     0x08000213   Thumb Code     0  startup_stm32f10x_hd.o(.text)
    EXTI1_IRQHandler                         0x08000213   Thumb Code     0  startup_stm32f10x_hd.o(.text)
    EXTI2_IRQHandler                         0x08000213   Thumb Code     0  startup_stm32f10x_hd.o(.text)
    EXTI3_IRQHandler                         0x08000213   Thumb Code     0  startup_stm32f10x_hd.o(.text)
    EXTI4_IRQHandler                         0x08000213   Thumb Code     0  startup_stm32f10x_hd.o(.text)
    EXTI9_5_IRQHandler                       0x08000213   Thumb Code     0  startup_stm32f10x_hd.o(.text)
    FLASH_IRQHandler                         0x08000213   Thumb Code     0  startup_stm32f10x_hd.o(.text)
    FSMC_IRQHandler                          0x08000213   Thumb Code     0  startup_stm32f10x_hd.o(.text)
    I2C1_ER_IRQHandler                       0x08000213   Thumb Code     0  startup_stm32f10x_hd.o(.text)
    I2C1_EV_IRQHandler                       0x08000213   Thumb Code     0  startup_stm32f10x_hd.o(.text)
    I2C2_ER_IRQHandler                       0x08000213   Thumb Code     0  startup_stm32f10x_hd.o(.text)
    I2C2_EV_IRQHandler                       0x08000213   Thumb Code     0  startup_stm32f10x_hd.o(.text)
    PVD_IRQHandler                           0x08000213   Thumb Code     0  startup_stm32f10x_hd.o(.text)
    RCC_IRQHandler                           0x08000213   Thumb Code     0  startup_stm32f10x_hd.o(.text)
    RTCAlarm_IRQHandler                      0x08000213   Thumb Code     0  startup_stm32f10x_hd.o(.text)
    RTC_IRQHandler                           0x08000213   Thumb Code     0  startup_stm32f10x_hd.o(.text)
    SDIO_IRQHandler                          0x08000213   Thumb Code     0  startup_stm32f10x_hd.o(.text)
    SPI1_IRQHandler                          0x08000213   Thumb Code     0  startup_stm32f10x_hd.o(.text)
    SPI2_IRQHandler                          0x08000213   Thumb Code     0  startup_stm32f10x_hd.o(.text)
    SPI3_IRQHandler                          0x08000213   Thumb Code     0  startup_stm32f10x_hd.o(.text)
    TAMPER_IRQHandler                        0x08000213   Thumb Code     0  startup_stm32f10x_hd.o(.text)
    TIM1_BRK_IRQHandler                      0x08000213   Thumb Code     0  startup_stm32f10x_hd.o(.text)
    TIM1_CC_IRQHandler                       0x08000213   Thumb Code     0  startup_stm32f10x_hd.o(.text)
    TIM1_TRG_COM_IRQHandler                  0x08000213   Thumb Code     0  startup_stm32f10x_hd.o(.text)
    TIM1_UP_IRQHandler                       0x08000213   Thumb Code     0  startup_stm32f10x_hd.o(.text)
    TIM4_IRQHandler                          0x08000213   Thumb Code     0  startup_stm32f10x_hd.o(.text)
    TIM5_IRQHandler                          0x08000213   Thumb Code     0  startup_stm32f10x_hd.o(.text)
    TIM6_IRQHandler                          0x08000213   Thumb Code     0  startup_stm32f10x_hd.o(.text)
    TIM7_IRQHandler                          0x08000213   Thumb Code     0  startup_stm32f10x_hd.o(.text)
    TIM8_BRK_IRQHandler                      0x08000213   Thumb Code     0  startup_stm32f10x_hd.o(.text)
    TIM8_CC_IRQHandler                       0x08000213   Thumb Code     0  startup_stm32f10x_hd.o(.text)
    TIM8_TRG_COM_IRQHandler                  0x08000213   Thumb Code     0  startup_stm32f10x_hd.o(.text)
    TIM8_UP_IRQHandler                       0x08000213   Thumb Code     0  startup_stm32f10x_hd.o(.text)
    UART4_IRQHandler                         0x08000213   Thumb Code     0  startup_stm32f10x_hd.o(.text)
    UART5_IRQHandler                         0x08000213   Thumb Code     0  startup_stm32f10x_hd.o(.text)
    USART2_IRQHandler                        0x08000213   Thumb Code     0  startup_stm32f10x_hd.o(.text)
    USBWakeUp_IRQHandler                     0x08000213   Thumb Code     0  startup_stm32f10x_hd.o(.text)
    USB_HP_CAN1_TX_IRQHandler                0x08000213   Thumb Code     0  startup_stm32f10x_hd.o(.text)
    USB_LP_CAN1_RX0_IRQHandler               0x08000213   Thumb Code     0  startup_stm32f10x_hd.o(.text)
    WWDG_IRQHandler                          0x08000213   Thumb Code     0  startup_stm32f10x_hd.o(.text)
    __user_initial_stackheap                 0x08000215   Thumb Code     0  startup_stm32f10x_hd.o(.text)
    __use_no_semihosting                     0x08000239   Thumb Code     2  use_no_semi_2.o(.text)
    __2printf                                0x0800023d   Thumb Code    20  noretval__2printf.o(.text)
    _printf_int_dec                          0x08000255   Thumb Code   104  _printf_dec.o(.text)
    __printf                                 0x080002cd   Thumb Code   270  __printf_wp.o(.text)
    atoi                                     0x080003db   Thumb Code    26  atoi.o(.text)
    __use_two_region_memory                  0x080003f5   Thumb Code     2  heapauxi.o(.text)
    __rt_heap_escrow$2region                 0x080003f7   Thumb Code     2  heapauxi.o(.text)
    __rt_heap_expand$2region                 0x080003f9   Thumb Code     2  heapauxi.o(.text)
    __I$use$semihosting                      0x080003fb   Thumb Code     0  use_no_semi.o(.text)
    __use_no_semihosting_swi                 0x080003fb   Thumb Code     2  use_no_semi.o(.text)
    __aeabi_errno_addr                       0x080003fd   Thumb Code     8  rt_errno_addr_intlibspace.o(.text)
    __errno$intlibspace                      0x080003fd   Thumb Code     0  rt_errno_addr_intlibspace.o(.text)
    __rt_errno_addr$intlibspace              0x080003fd   Thumb Code     0  rt_errno_addr_intlibspace.o(.text)
    _printf_int_common                       0x08000405   Thumb Code   178  _printf_intcommon.o(.text)
    __lib_sel_fp_printf                      0x080004b7   Thumb Code     2  _printf_fp_dec.o(.text)
    _printf_fp_dec_real                      0x08000665   Thumb Code   620  _printf_fp_dec.o(.text)
    _printf_char_file                        0x080008d1   Thumb Code    32  _printf_char_file.o(.text)
    strtol                                   0x080008f5   Thumb Code   112  strtol.o(.text)
    __user_libspace                          0x08000965   Thumb Code     8  libspace.o(.text)
    __user_perproc_libspace                  0x08000965   Thumb Code     0  libspace.o(.text)
    __user_perthread_libspace                0x08000965   Thumb Code     0  libspace.o(.text)
    __rt_ctype_table                         0x0800096d   Thumb Code    16  rt_ctype_table.o(.text)
    __rt_locale                              0x0800097d   Thumb Code     8  rt_locale_intlibspace.o(.text)
    _ll_udiv10                               0x08000985   Thumb Code   138  lludiv10.o(.text)
    _printf_char_common                      0x08000a1b   Thumb Code    32  _printf_char_common.o(.text)
    _printf_fp_infnan                        0x08000a41   Thumb Code   112  _printf_fp_infnan.o(.text)
    _strtoul                                 0x08000ac1   Thumb Code   158  _strtoul.o(.text)
    _btod_etento                             0x08000b61   Thumb Code   216  bigflt0.o(.text)
    ferror                                   0x08000c3d   Thumb Code     8  ferror.o(.text)
    __user_setup_stackheap                   0x08000c45   Thumb Code    74  sys_stackheap_outer.o(.text)
    _chval                                   0x08000c8f   Thumb Code    28  _chval.o(.text)
    exit                                     0x08000cab   Thumb Code    18  exit.o(.text)
    strcmp                                   0x08000cbd   Thumb Code   128  strcmpv7m.o(.text)
    _btod_d2e                                0x08000d3d   Thumb Code    62  btod.o(CL$$btod_d2e)
    _d2e_denorm_low                          0x08000d7b   Thumb Code    70  btod.o(CL$$btod_d2e_denorm_low)
    _d2e_norm_op1                            0x08000dc1   Thumb Code    96  btod.o(CL$$btod_d2e_norm_op1)
    __btod_div_common                        0x08000e21   Thumb Code   696  btod.o(CL$$btod_div_common)
    _e2e                                     0x08001159   Thumb Code   198  btod.o(CL$$btod_e2e)
    _btod_ediv                               0x0800121f   Thumb Code    40  btod.o(CL$$btod_ediv)
    _btod_emul                               0x08001247   Thumb Code    40  btod.o(CL$$btod_emul)
    __btod_mult_common                       0x0800126f   Thumb Code   580  btod.o(CL$$btod_mult_common)
    Arr_Clear                                0x080014b3   Thumb Code    18  main.o(i.Arr_Clear)
    Asix_Control                             0x080014c5   Thumb Code   212  wheels.o(i.Asix_Control)
    BusFault_Handler                         0x080015b9   Thumb Code     4  stm32f10x_it.o(i.BusFault_Handler)
    CAM_Data_handle                          0x080015bd   Thumb Code   112  usart3.o(i.CAM_Data_handle)
    DebugMon_Handler                         0x0800165d   Thumb Code     2  stm32f10x_it.o(i.DebugMon_Handler)
    GPIO_Init                                0x0800165f   Thumb Code   278  stm32f10x_gpio.o(i.GPIO_Init)
    GPIO_ResetBits                           0x08001775   Thumb Code     4  stm32f10x_gpio.o(i.GPIO_ResetBits)
    Get_Message                              0x08001779   Thumb Code    94  main.o(i.Get_Message)
    Get_PTP_POS                              0x08001801   Thumb Code   110  main.o(i.Get_PTP_POS)
    Get_Screen_POS                           0x08001875   Thumb Code   334  main.o(i.Get_Screen_POS)
    HardFault_Handler                        0x080019f1   Thumb Code     4  stm32f10x_it.o(i.HardFault_Handler)
    Input_GPIO_Init                          0x080019f5   Thumb Code    94  gpio.o(i.Input_GPIO_Init)
    Input_Handler                            0x08001a61   Thumb Code   150  main.o(i.Input_Handler)
    LED_GPIO_Init                            0x08001b05   Thumb Code    98  gpio.o(i.LED_GPIO_Init)
    MemManage_Handler                        0x08001b75   Thumb Code     4  stm32f10x_it.o(i.MemManage_Handler)
    Message_Handler                          0x08001b79   Thumb Code   750  main.o(i.Message_Handler)
    My_USART3_Init                           0x08001f5d   Thumb Code   170  usart3.o(i.My_USART3_Init)
    NMI_Handler                              0x08002011   Thumb Code     2  stm32f10x_it.o(i.NMI_Handler)
    NVIC_Init                                0x08002015   Thumb Code   100  misc.o(i.NVIC_Init)
    NVIC_PriorityGroupConfig                 0x08002085   Thumb Code    10  misc.o(i.NVIC_PriorityGroupConfig)
    PendSV_Handler                           0x08002099   Thumb Code     2  stm32f10x_it.o(i.PendSV_Handler)
    Position_PID_1                           0x0800209d   Thumb Code   148  wheels.o(i.Position_PID_1)
    Position_PID_2                           0x08002151   Thumb Code   148  wheels.o(i.Position_PID_2)
    RCC_APB1PeriphClockCmd                   0x08002205   Thumb Code    26  stm32f10x_rcc.o(i.RCC_APB1PeriphClockCmd)
    RCC_APB2PeriphClockCmd                   0x08002225   Thumb Code    26  stm32f10x_rcc.o(i.RCC_APB2PeriphClockCmd)
    RCC_GetClocksFreq                        0x08002245   Thumb Code   192  stm32f10x_rcc.o(i.RCC_GetClocksFreq)
    Reset_Wheels                             0x08002319   Thumb Code   278  wheels.o(i.Reset_Wheels)
    SVC_Handler                              0x0800244d   Thumb Code     2  stm32f10x_it.o(i.SVC_Handler)
    Set_Pwm                                  0x08002539   Thumb Code   128  wheels.o(i.Set_Pwm)
    SysTick_CLKSourceConfig                  0x080025cd   Thumb Code    40  misc.o(i.SysTick_CLKSourceConfig)
    SysTick_Handler                          0x080025f5   Thumb Code     2  stm32f10x_it.o(i.SysTick_Handler)
    SystemInit                               0x080025f9   Thumb Code    78  system_stm32f10x.o(i.SystemInit)
    TIM2_IRQHandler                          0x08002659   Thumb Code    40  timer.o(i.TIM2_IRQHandler)
    TIM2_PWM_Init                            0x08002685   Thumb Code   162  timer.o(i.TIM2_PWM_Init)
    TIM3_IRQHandler                          0x0800272d   Thumb Code    76  wheels.o(i.TIM3_IRQHandler)
    TIM3_Int_Init                            0x08002795   Thumb Code    86  timer3.o(i.TIM3_Int_Init)
    TIM_ARRPreloadConfig                     0x080027f1   Thumb Code    24  stm32f10x_tim.o(i.TIM_ARRPreloadConfig)
    TIM_ClearITPendingBit                    0x08002809   Thumb Code     6  stm32f10x_tim.o(i.TIM_ClearITPendingBit)
    TIM_Cmd                                  0x0800280f   Thumb Code    24  stm32f10x_tim.o(i.TIM_Cmd)
    TIM_GetITStatus                          0x08002827   Thumb Code    34  stm32f10x_tim.o(i.TIM_GetITStatus)
    TIM_ITConfig                             0x08002849   Thumb Code    18  stm32f10x_tim.o(i.TIM_ITConfig)
    TIM_OC1Init                              0x0800285d   Thumb Code   132  stm32f10x_tim.o(i.TIM_OC1Init)
    TIM_OC1PreloadConfig                     0x080028f5   Thumb Code    18  stm32f10x_tim.o(i.TIM_OC1PreloadConfig)
    TIM_OC2Init                              0x08002909   Thumb Code   154  stm32f10x_tim.o(i.TIM_OC2Init)
    TIM_OC2PreloadConfig                     0x080029ad   Thumb Code    26  stm32f10x_tim.o(i.TIM_OC2PreloadConfig)
    TIM_SetCompare1                          0x080029c7   Thumb Code     4  stm32f10x_tim.o(i.TIM_SetCompare1)
    TIM_SetCompare2                          0x080029cb   Thumb Code     4  stm32f10x_tim.o(i.TIM_SetCompare2)
    TIM_TimeBaseInit                         0x080029d1   Thumb Code   122  stm32f10x_tim.o(i.TIM_TimeBaseInit)
    Topic_2_Draw_Screen_By_POS               0x08002a75   Thumb Code   722  main.o(i.Topic_2_Draw_Screen_By_POS)
    Topic_3_Draw_Rectangle                   0x08002de5   Thumb Code   480  main.o(i.Topic_3_Draw_Rectangle)
    USART1_IRQHandler                        0x08003025   Thumb Code   122  usart.o(i.USART1_IRQHandler)
    USART3_IRQHandler                        0x080030ad   Thumb Code   120  usart3.o(i.USART3_IRQHandler)
    USART_Cmd                                0x08003141   Thumb Code    24  stm32f10x_usart.o(i.USART_Cmd)
    USART_GetFlagStatus                      0x08003159   Thumb Code    26  stm32f10x_usart.o(i.USART_GetFlagStatus)
    USART_GetITStatus                        0x08003173   Thumb Code    84  stm32f10x_usart.o(i.USART_GetITStatus)
    USART_ITConfig                           0x080031c7   Thumb Code    74  stm32f10x_usart.o(i.USART_ITConfig)
    USART_Init                               0x08003211   Thumb Code   210  stm32f10x_usart.o(i.USART_Init)
    USART_ReceiveData                        0x080032e9   Thumb Code    10  stm32f10x_usart.o(i.USART_ReceiveData)
    USART_SendData                           0x080032f3   Thumb Code     8  stm32f10x_usart.o(i.USART_SendData)
    UsageFault_Handler                       0x080032fb   Thumb Code     4  stm32f10x_it.o(i.UsageFault_Handler)
    Wheel_Value_Init                         0x08003301   Thumb Code    56  wheels.o(i.Wheel_Value_Init)
    Xianfu_Pwm                               0x08003371   Thumb Code   132  wheels.o(i.Xianfu_Pwm)
    Xianfu_Velocity                          0x080033fd   Thumb Code   128  wheels.o(i.Xianfu_Velocity)
    __ARM_fpclassify                         0x08003485   Thumb Code    40  fpclassify.o(i.__ARM_fpclassify)
    _is_digit                                0x080034ad   Thumb Code    14  __printf_wp.o(i._is_digit)
    _sys_exit                                0x080034bb   Thumb Code     4  usart.o(i._sys_exit)
    delay_init                               0x080034c1   Thumb Code    50  delay.o(i.delay_init)
    delay_ms                                 0x08003505   Thumb Code    72  delay.o(i.delay_ms)
    fputc                                    0x08003551   Thumb Code    24  usart.o(i.fputc)
    main                                     0x0800356d   Thumb Code   244  main.o(i.main)
    myabs                                    0x08003685   Thumb Code    14  wheels.o(i.myabs)
    uart_init                                0x08003695   Thumb Code   152  usart.o(i.uart_init)
    usart3_send                              0x08003735   Thumb Code    22  usart3.o(i.usart3_send)
    usart3_sendAngleBlock                    0x08003751   Thumb Code    12  usart3.o(i.usart3_sendAngleBlock)
    _get_lc_numeric                          0x0800375d   Thumb Code    44  lc_numeric_c.o(locale$$code)
    _get_lc_ctype                            0x08003789   Thumb Code    44  lc_ctype_c.o(locale$$code)
    __aeabi_d2f                              0x080037b5   Thumb Code     0  d2f.o(x$fpl$d2f)
    _d2f                                     0x080037b5   Thumb Code    98  d2f.o(x$fpl$d2f)
    __aeabi_dadd                             0x08003819   Thumb Code     0  daddsub_clz.o(x$fpl$dadd)
    _dadd                                    0x08003819   Thumb Code   332  daddsub_clz.o(x$fpl$dadd)
    __fpl_dnaninf                            0x08003969   Thumb Code   156  dnaninf.o(x$fpl$dnaninf)
    __fpl_dretinf                            0x08003a05   Thumb Code    12  dretinf.o(x$fpl$dretinf)
    __aeabi_dsub                             0x08003a11   Thumb Code     0  daddsub_clz.o(x$fpl$dsub)
    _dsub                                    0x08003a11   Thumb Code   464  daddsub_clz.o(x$fpl$dsub)
    __aeabi_f2d                              0x08003be5   Thumb Code     0  f2d.o(x$fpl$f2d)
    _f2d                                     0x08003be5   Thumb Code    86  f2d.o(x$fpl$f2d)
    __aeabi_fadd                             0x08003c3d   Thumb Code     0  faddsub_clz.o(x$fpl$fadd)
    _fadd                                    0x08003c3d   Thumb Code   196  faddsub_clz.o(x$fpl$fadd)
    __fpl_fcmp_Inf                           0x08003d01   Thumb Code    24  fcmpi.o(x$fpl$fcmpinf)
    __aeabi_fdiv                             0x08003d19   Thumb Code     0  fdiv.o(x$fpl$fdiv)
    _fdiv                                    0x08003d19   Thumb Code   384  fdiv.o(x$fpl$fdiv)
    __aeabi_f2uiz                            0x08003e9d   Thumb Code     0  ffixu.o(x$fpl$ffixu)
    _ffixu                                   0x08003e9d   Thumb Code    62  ffixu.o(x$fpl$ffixu)
    __aeabi_i2f                              0x08003edd   Thumb Code     0  fflt_clz.o(x$fpl$fflt)
    _fflt                                    0x08003edd   Thumb Code    48  fflt_clz.o(x$fpl$fflt)
    __aeabi_cfcmple                          0x08003f0d   Thumb Code     0  fleqf.o(x$fpl$fleqf)
    _fcmple                                  0x08003f0d   Thumb Code   104  fleqf.o(x$fpl$fleqf)
    __fpl_fcmple_InfNaN                      0x08003f5f   Thumb Code     0  fleqf.o(x$fpl$fleqf)
    __aeabi_fmul                             0x08003f75   Thumb Code     0  fmul.o(x$fpl$fmul)
    _fmul                                    0x08003f75   Thumb Code   258  fmul.o(x$fpl$fmul)
    __fpl_fnaninf                            0x08004077   Thumb Code   140  fnaninf.o(x$fpl$fnaninf)
    __fpl_fretinf                            0x08004103   Thumb Code    10  fretinf.o(x$fpl$fretinf)
    __aeabi_cfrcmple                         0x0800410d   Thumb Code     0  frleqf.o(x$fpl$frleqf)
    _frcmple                                 0x0800410d   Thumb Code    98  frleqf.o(x$fpl$frleqf)
    __aeabi_frsub                            0x0800416f   Thumb Code     0  faddsub_clz.o(x$fpl$frsb)
    _frsb                                    0x0800416f   Thumb Code    20  faddsub_clz.o(x$fpl$frsb)
    __aeabi_fsub                             0x08004185   Thumb Code     0  faddsub_clz.o(x$fpl$fsub)
    _fsub                                    0x08004185   Thumb Code   234  faddsub_clz.o(x$fpl$fsub)
    _printf_fp_dec                           0x0800426f   Thumb Code     4  printf1.o(x$fpl$printf1)
    __I$use$fp                               0x08004272   Number         0  usenofp.o(x$fpl$usenofp)
    Region$$Table$$Base                      0x08004308   Number         0  anon$$obj.o(Region$$Table)
    Region$$Table$$Limit                     0x08004328   Number         0  anon$$obj.o(Region$$Table)
    __ctype                                  0x08004351   Data           0  lc_ctype_c.o(locale$$data)
    vertet_count                             0x20000000   Data           4  main.o(.data)
    rectangle_Pos_1_X                        0x20000004   Data           4  main.o(.data)
    rectangle_Pos_1_Y                        0x20000008   Data           4  main.o(.data)
    rectangle_Pos_2_X                        0x2000000c   Data           4  main.o(.data)
    rectangle_Pos_2_Y                        0x20000010   Data           4  main.o(.data)
    rectangle_Pos_3_X                        0x20000014   Data           4  main.o(.data)
    rectangle_Pos_3_Y                        0x20000018   Data           4  main.o(.data)
    rectangle_Pos_4_X                        0x2000001c   Data           4  main.o(.data)
    rectangle_Pos_4_Y                        0x20000020   Data           4  main.o(.data)
    Usart_Compelet                           0x20000024   Data           4  main.o(.data)
    w_X_PWM                                  0x20000028   Data           4  main.o(.data)
    w_Y_PWM                                  0x2000002c   Data           4  main.o(.data)
    speed                                    0x20000030   Data           4  main.o(.data)
    speed_x                                  0x20000034   Data           4  main.o(.data)
    speed_y                                  0x20000038   Data           4  main.o(.data)
    Position_KP                              0x2000003c   Data           4  main.o(.data)
    Position_KI                              0x20000040   Data           4  main.o(.data)
    Position_KD                              0x20000044   Data           4  main.o(.data)
    Velocity1                                0x20000048   Data           4  main.o(.data)
    Velocity2                                0x2000004c   Data           4  main.o(.data)
    Position1                                0x20000050   Data           4  main.o(.data)
    Position2                                0x20000054   Data           4  main.o(.data)
    Target1                                  0x20000058   Data           4  main.o(.data)
    Target2                                  0x2000005c   Data           4  main.o(.data)
    min_X_PWM                                0x20000060   Data           4  main.o(.data)
    max_X_PWM                                0x20000064   Data           4  main.o(.data)
    min_Y_PWM                                0x20000068   Data           4  main.o(.data)
    max_Y_PWM                                0x2000006c   Data           4  main.o(.data)
    Cx                                       0x20000070   Data           4  main.o(.data)
    Cy                                       0x20000074   Data           4  main.o(.data)
    Cw                                       0x20000078   Data           4  main.o(.data)
    Ch                                       0x2000007c   Data           4  main.o(.data)
    next_Pos_X                               0x20000080   Data           4  main.o(.data)
    next_POS_Y                               0x20000084   Data           4  main.o(.data)
    mode                                     0x20000088   Data           4  main.o(.data)
    reset_Key                                0x2000008c   Data           4  main.o(.data)
    can_Get_Pos                              0x20000090   Data           4  main.o(.data)
    SystemCoreClock                          0x20000094   Data           4  system_stm32f10x.o(.data)
    AHBPrescTable                            0x20000098   Data          16  system_stm32f10x.o(.data)
    __stdout                                 0x200000c0   Data           4  usart.o(.data)
    USART_RX_STA                             0x200000c4   Data           2  usart.o(.data)
    vertex                                   0x200000ec   Data          80  main.o(.bss)
    Screen_POS                               0x2000013c   Data         144  main.o(.bss)
    ptp                                      0x200001cc   Data          80  main.o(.bss)
    str                                      0x2000021c   Data          20  main.o(.bss)
    arr                                      0x20000230   Data          20  main.o(.bss)
    Urxbuf                                   0x20000244   Data           9  main.o(.bss)
    USART_RX_BUF                             0x2000024d   Data         200  usart.o(.bss)
    __libspace_start                         0x20000318   Data          96  libspace.o(.bss)
    __temporary_stack_top$libspace           0x20000378   Data           0  libspace.o(.bss)



==============================================================================

Memory Map of the image

  Image Entry point : 0x08000131

  Load Region LR_IROM1 (Base: 0x08000000, Size: 0x00004540, Max: 0x00010000, ABSOLUTE)

    Execution Region ER_IROM1 (Base: 0x08000000, Size: 0x00004454, Max: 0x00010000, ABSOLUTE)

    Base Addr    Size         Type   Attr      Idx    E Section Name        Object

    0x08000000   0x00000130   Data   RO          399    RESET               startup_stm32f10x_hd.o
    0x08000130   0x00000008   Code   RO         3778  * !!!main             c_w.l(__main.o)
    0x08000138   0x00000034   Code   RO         4060    !!!scatter          c_w.l(__scatter.o)
    0x0800016c   0x0000001a   Code   RO         4062    !!handler_copy      c_w.l(__scatter_copy.o)
    0x08000186   0x00000002   PAD
    0x08000188   0x0000001c   Code   RO         4064    !!handler_zi        c_w.l(__scatter_zi.o)
    0x080001a4   0x00000000   Code   RO         3773    .ARM.Collect$$_printf_percent$$00000000  c_w.l(_printf_percent.o)
    0x080001a4   0x00000006   Code   RO         3772    .ARM.Collect$$_printf_percent$$00000003  c_w.l(_printf_f.o)
    0x080001aa   0x00000006   Code   RO         3771    .ARM.Collect$$_printf_percent$$00000009  c_w.l(_printf_d.o)
    0x080001b0   0x00000004   Code   RO         3836    .ARM.Collect$$_printf_percent$$00000017  c_w.l(_printf_percent_end.o)
    0x080001b4   0x00000002   Code   RO         3937    .ARM.Collect$$libinit$$00000000  c_w.l(libinit.o)
    0x080001b6   0x00000000   Code   RO         3939    .ARM.Collect$$libinit$$00000002  c_w.l(libinit2.o)
    0x080001b6   0x00000000   Code   RO         3941    .ARM.Collect$$libinit$$00000004  c_w.l(libinit2.o)
    0x080001b6   0x00000000   Code   RO         3944    .ARM.Collect$$libinit$$0000000A  c_w.l(libinit2.o)
    0x080001b6   0x00000000   Code   RO         3946    .ARM.Collect$$libinit$$0000000C  c_w.l(libinit2.o)
    0x080001b6   0x00000000   Code   RO         3948    .ARM.Collect$$libinit$$0000000E  c_w.l(libinit2.o)
    0x080001b6   0x00000006   Code   RO         3949    .ARM.Collect$$libinit$$0000000F  c_w.l(libinit2.o)
    0x080001bc   0x00000000   Code   RO         3951    .ARM.Collect$$libinit$$00000011  c_w.l(libinit2.o)
    0x080001bc   0x0000000c   Code   RO         3952    .ARM.Collect$$libinit$$00000012  c_w.l(libinit2.o)
    0x080001c8   0x00000000   Code   RO         3953    .ARM.Collect$$libinit$$00000013  c_w.l(libinit2.o)
    0x080001c8   0x00000000   Code   RO         3955    .ARM.Collect$$libinit$$00000015  c_w.l(libinit2.o)
    0x080001c8   0x0000000a   Code   RO         3956    .ARM.Collect$$libinit$$00000016  c_w.l(libinit2.o)
    0x080001d2   0x00000000   Code   RO         3957    .ARM.Collect$$libinit$$00000017  c_w.l(libinit2.o)
    0x080001d2   0x00000000   Code   RO         3959    .ARM.Collect$$libinit$$00000019  c_w.l(libinit2.o)
    0x080001d2   0x00000000   Code   RO         3961    .ARM.Collect$$libinit$$0000001B  c_w.l(libinit2.o)
    0x080001d2   0x00000000   Code   RO         3963    .ARM.Collect$$libinit$$0000001D  c_w.l(libinit2.o)
    0x080001d2   0x00000000   Code   RO         3965    .ARM.Collect$$libinit$$0000001F  c_w.l(libinit2.o)
    0x080001d2   0x00000000   Code   RO         3967    .ARM.Collect$$libinit$$00000021  c_w.l(libinit2.o)
    0x080001d2   0x00000000   Code   RO         3969    .ARM.Collect$$libinit$$00000023  c_w.l(libinit2.o)
    0x080001d2   0x00000000   Code   RO         3971    .ARM.Collect$$libinit$$00000025  c_w.l(libinit2.o)
    0x080001d2   0x00000000   Code   RO         3975    .ARM.Collect$$libinit$$0000002C  c_w.l(libinit2.o)
    0x080001d2   0x00000000   Code   RO         3977    .ARM.Collect$$libinit$$0000002E  c_w.l(libinit2.o)
    0x080001d2   0x00000000   Code   RO         3979    .ARM.Collect$$libinit$$00000030  c_w.l(libinit2.o)
    0x080001d2   0x00000000   Code   RO         3981    .ARM.Collect$$libinit$$00000032  c_w.l(libinit2.o)
    0x080001d2   0x00000002   Code   RO         3982    .ARM.Collect$$libinit$$00000033  c_w.l(libinit2.o)
    0x080001d4   0x00000002   Code   RO         4010    .ARM.Collect$$libshutdown$$00000000  c_w.l(libshutdown.o)
    0x080001d6   0x00000000   Code   RO         4019    .ARM.Collect$$libshutdown$$00000002  c_w.l(libshutdown2.o)
    0x080001d6   0x00000000   Code   RO         4021    .ARM.Collect$$libshutdown$$00000004  c_w.l(libshutdown2.o)
    0x080001d6   0x00000000   Code   RO         4024    .ARM.Collect$$libshutdown$$00000007  c_w.l(libshutdown2.o)
    0x080001d6   0x00000000   Code   RO         4027    .ARM.Collect$$libshutdown$$0000000A  c_w.l(libshutdown2.o)
    0x080001d6   0x00000000   Code   RO         4029    .ARM.Collect$$libshutdown$$0000000C  c_w.l(libshutdown2.o)
    0x080001d6   0x00000000   Code   RO         4032    .ARM.Collect$$libshutdown$$0000000F  c_w.l(libshutdown2.o)
    0x080001d6   0x00000002   Code   RO         4033    .ARM.Collect$$libshutdown$$00000010  c_w.l(libshutdown2.o)
    0x080001d8   0x00000000   Code   RO         3824    .ARM.Collect$$rtentry$$00000000  c_w.l(__rtentry.o)
    0x080001d8   0x00000000   Code   RO         3854    .ARM.Collect$$rtentry$$00000002  c_w.l(__rtentry2.o)
    0x080001d8   0x00000006   Code   RO         3866    .ARM.Collect$$rtentry$$00000004  c_w.l(__rtentry4.o)
    0x080001de   0x00000000   Code   RO         3856    .ARM.Collect$$rtentry$$00000009  c_w.l(__rtentry2.o)
    0x080001de   0x00000004   Code   RO         3857    .ARM.Collect$$rtentry$$0000000A  c_w.l(__rtentry2.o)
    0x080001e2   0x00000000   Code   RO         3859    .ARM.Collect$$rtentry$$0000000C  c_w.l(__rtentry2.o)
    0x080001e2   0x00000008   Code   RO         3860    .ARM.Collect$$rtentry$$0000000D  c_w.l(__rtentry2.o)
    0x080001ea   0x00000002   Code   RO         3983    .ARM.Collect$$rtexit$$00000000  c_w.l(rtexit.o)
    0x080001ec   0x00000000   Code   RO         3990    .ARM.Collect$$rtexit$$00000002  c_w.l(rtexit2.o)
    0x080001ec   0x00000004   Code   RO         3991    .ARM.Collect$$rtexit$$00000003  c_w.l(rtexit2.o)
    0x080001f0   0x00000006   Code   RO         3992    .ARM.Collect$$rtexit$$00000004  c_w.l(rtexit2.o)
    0x080001f6   0x00000002   PAD
    0x080001f8   0x00000040   Code   RO          400    .text               startup_stm32f10x_hd.o
    0x08000238   0x00000002   Code   RO         3741    .text               c_w.l(use_no_semi_2.o)
    0x0800023a   0x00000002   PAD
    0x0800023c   0x00000018   Code   RO         3745    .text               c_w.l(noretval__2printf.o)
    0x08000254   0x00000078   Code   RO         3749    .text               c_w.l(_printf_dec.o)
    0x080002cc   0x0000010e   Code   RO         3759    .text               c_w.l(__printf_wp.o)
    0x080003da   0x0000001a   Code   RO         3774    .text               c_w.l(atoi.o)
    0x080003f4   0x00000006   Code   RO         3776    .text               c_w.l(heapauxi.o)
    0x080003fa   0x00000002   Code   RO         3822    .text               c_w.l(use_no_semi.o)
    0x080003fc   0x00000008   Code   RO         3828    .text               c_w.l(rt_errno_addr_intlibspace.o)
    0x08000404   0x000000b2   Code   RO         3830    .text               c_w.l(_printf_intcommon.o)
    0x080004b6   0x0000041a   Code   RO         3832    .text               c_w.l(_printf_fp_dec.o)
    0x080008d0   0x00000024   Code   RO         3834    .text               c_w.l(_printf_char_file.o)
    0x080008f4   0x00000070   Code   RO         3837    .text               c_w.l(strtol.o)
    0x08000964   0x00000008   Code   RO         3850    .text               c_w.l(libspace.o)
    0x0800096c   0x00000010   Code   RO         3868    .text               c_w.l(rt_ctype_table.o)
    0x0800097c   0x00000008   Code   RO         3873    .text               c_w.l(rt_locale_intlibspace.o)
    0x08000984   0x0000008a   Code   RO         3875    .text               c_w.l(lludiv10.o)
    0x08000a0e   0x00000002   PAD
    0x08000a10   0x00000030   Code   RO         3877    .text               c_w.l(_printf_char_common.o)
    0x08000a40   0x00000080   Code   RO         3879    .text               c_w.l(_printf_fp_infnan.o)
    0x08000ac0   0x0000009e   Code   RO         3881    .text               c_w.l(_strtoul.o)
    0x08000b5e   0x00000002   PAD
    0x08000b60   0x000000dc   Code   RO         3883    .text               c_w.l(bigflt0.o)
    0x08000c3c   0x00000008   Code   RO         3908    .text               c_w.l(ferror.o)
    0x08000c44   0x0000004a   Code   RO         3919    .text               c_w.l(sys_stackheap_outer.o)
    0x08000c8e   0x0000001c   Code   RO         3923    .text               c_w.l(_chval.o)
    0x08000caa   0x00000012   Code   RO         3928    .text               c_w.l(exit.o)
    0x08000cbc   0x00000080   Code   RO         3930    .text               c_w.l(strcmpv7m.o)
    0x08000d3c   0x0000003e   Code   RO         3886    CL$$btod_d2e        c_w.l(btod.o)
    0x08000d7a   0x00000046   Code   RO         3888    CL$$btod_d2e_denorm_low  c_w.l(btod.o)
    0x08000dc0   0x00000060   Code   RO         3887    CL$$btod_d2e_norm_op1  c_w.l(btod.o)
    0x08000e20   0x00000338   Code   RO         3896    CL$$btod_div_common  c_w.l(btod.o)
    0x08001158   0x000000c6   Code   RO         3893    CL$$btod_e2e        c_w.l(btod.o)
    0x0800121e   0x00000028   Code   RO         3890    CL$$btod_ediv       c_w.l(btod.o)
    0x08001246   0x00000028   Code   RO         3889    CL$$btod_emul       c_w.l(btod.o)
    0x0800126e   0x00000244   Code   RO         3895    CL$$btod_mult_common  c_w.l(btod.o)
    0x080014b2   0x00000012   Code   RO            1    i.Arr_Clear         main.o
    0x080014c4   0x000000f4   Code   RO         3581    i.Asix_Control      wheels.o
    0x080015b8   0x00000004   Code   RO          206    i.BusFault_Handler  stm32f10x_it.o
    0x080015bc   0x000000a0   Code   RO         3498    i.CAM_Data_handle   usart3.o
    0x0800165c   0x00000002   Code   RO          207    i.DebugMon_Handler  stm32f10x_it.o
    0x0800165e   0x00000116   Code   RO         1581    i.GPIO_Init         stm32f10x_gpio.o
    0x08001774   0x00000004   Code   RO         1588    i.GPIO_ResetBits    stm32f10x_gpio.o
    0x08001778   0x00000088   Code   RO            2    i.Get_Message       main.o
    0x08001800   0x00000074   Code   RO            3    i.Get_PTP_POS       main.o
    0x08001874   0x0000017c   Code   RO            4    i.Get_Screen_POS    main.o
    0x080019f0   0x00000004   Code   RO          208    i.HardFault_Handler  stm32f10x_it.o
    0x080019f4   0x0000006c   Code   RO         3678    i.Input_GPIO_Init   gpio.o
    0x08001a60   0x000000a4   Code   RO            5    i.Input_Handler     main.o
    0x08001b04   0x00000070   Code   RO         3679    i.LED_GPIO_Init     gpio.o
    0x08001b74   0x00000004   Code   RO          209    i.MemManage_Handler  stm32f10x_it.o
    0x08001b78   0x000003e4   Code   RO            6    i.Message_Handler   main.o
    0x08001f5c   0x000000b4   Code   RO         3499    i.My_USART3_Init    usart3.o
    0x08002010   0x00000002   Code   RO          210    i.NMI_Handler       stm32f10x_it.o
    0x08002012   0x00000002   PAD
    0x08002014   0x00000070   Code   RO          404    i.NVIC_Init         misc.o
    0x08002084   0x00000014   Code   RO          405    i.NVIC_PriorityGroupConfig  misc.o
    0x08002098   0x00000002   Code   RO          211    i.PendSV_Handler    stm32f10x_it.o
    0x0800209a   0x00000002   PAD
    0x0800209c   0x000000b4   Code   RO         3582    i.Position_PID_1    wheels.o
    0x08002150   0x000000b4   Code   RO         3583    i.Position_PID_2    wheels.o
    0x08002204   0x00000020   Code   RO         1997    i.RCC_APB1PeriphClockCmd  stm32f10x_rcc.o
    0x08002224   0x00000020   Code   RO         1999    i.RCC_APB2PeriphClockCmd  stm32f10x_rcc.o
    0x08002244   0x000000d4   Code   RO         2007    i.RCC_GetClocksFreq  stm32f10x_rcc.o
    0x08002318   0x00000134   Code   RO         3584    i.Reset_Wheels      wheels.o
    0x0800244c   0x00000002   Code   RO          212    i.SVC_Handler       stm32f10x_it.o
    0x0800244e   0x00000008   Code   RO          352    i.SetSysClock       system_stm32f10x.o
    0x08002456   0x00000002   PAD
    0x08002458   0x000000e0   Code   RO          353    i.SetSysClockTo72   system_stm32f10x.o
    0x08002538   0x00000094   Code   RO         3585    i.Set_Pwm           wheels.o
    0x080025cc   0x00000028   Code   RO          408    i.SysTick_CLKSourceConfig  misc.o
    0x080025f4   0x00000002   Code   RO          213    i.SysTick_Handler   stm32f10x_it.o
    0x080025f6   0x00000002   PAD
    0x080025f8   0x00000060   Code   RO          355    i.SystemInit        system_stm32f10x.o
    0x08002658   0x0000002c   Code   RO         3554    i.TIM2_IRQHandler   timer.o
    0x08002684   0x000000a8   Code   RO         3556    i.TIM2_PWM_Init     timer.o
    0x0800272c   0x00000068   Code   RO         3586    i.TIM3_IRQHandler   wheels.o
    0x08002794   0x0000005c   Code   RO         3723    i.TIM3_Int_Init     timer3.o
    0x080027f0   0x00000018   Code   RO         2619    i.TIM_ARRPreloadConfig  stm32f10x_tim.o
    0x08002808   0x00000006   Code   RO         2626    i.TIM_ClearITPendingBit  stm32f10x_tim.o
    0x0800280e   0x00000018   Code   RO         2631    i.TIM_Cmd           stm32f10x_tim.o
    0x08002826   0x00000022   Code   RO         2652    i.TIM_GetITStatus   stm32f10x_tim.o
    0x08002848   0x00000012   Code   RO         2656    i.TIM_ITConfig      stm32f10x_tim.o
    0x0800285a   0x00000002   PAD
    0x0800285c   0x00000098   Code   RO         2660    i.TIM_OC1Init       stm32f10x_tim.o
    0x080028f4   0x00000012   Code   RO         2663    i.TIM_OC1PreloadConfig  stm32f10x_tim.o
    0x08002906   0x00000002   PAD
    0x08002908   0x000000a4   Code   RO         2665    i.TIM_OC2Init       stm32f10x_tim.o
    0x080029ac   0x0000001a   Code   RO         2668    i.TIM_OC2PreloadConfig  stm32f10x_tim.o
    0x080029c6   0x00000004   Code   RO         2692    i.TIM_SetCompare1   stm32f10x_tim.o
    0x080029ca   0x00000004   Code   RO         2693    i.TIM_SetCompare2   stm32f10x_tim.o
    0x080029ce   0x00000002   PAD
    0x080029d0   0x000000a4   Code   RO         2702    i.TIM_TimeBaseInit  stm32f10x_tim.o
    0x08002a74   0x00000370   Code   RO            9    i.Topic_2_Draw_Screen_By_POS  main.o
    0x08002de4   0x00000240   Code   RO           11    i.Topic_3_Draw_Rectangle  main.o
    0x08003024   0x00000088   Code   RO         3457    i.USART1_IRQHandler  usart.o
    0x080030ac   0x00000094   Code   RO         3500    i.USART3_IRQHandler  usart3.o
    0x08003140   0x00000018   Code   RO         3167    i.USART_Cmd         stm32f10x_usart.o
    0x08003158   0x0000001a   Code   RO         3170    i.USART_GetFlagStatus  stm32f10x_usart.o
    0x08003172   0x00000054   Code   RO         3171    i.USART_GetITStatus  stm32f10x_usart.o
    0x080031c6   0x0000004a   Code   RO         3173    i.USART_ITConfig    stm32f10x_usart.o
    0x08003210   0x000000d8   Code   RO         3174    i.USART_Init        stm32f10x_usart.o
    0x080032e8   0x0000000a   Code   RO         3181    i.USART_ReceiveData  stm32f10x_usart.o
    0x080032f2   0x00000008   Code   RO         3184    i.USART_SendData    stm32f10x_usart.o
    0x080032fa   0x00000004   Code   RO          214    i.UsageFault_Handler  stm32f10x_it.o
    0x080032fe   0x00000002   PAD
    0x08003300   0x00000070   Code   RO         3587    i.Wheel_Value_Init  wheels.o
    0x08003370   0x0000008c   Code   RO         3588    i.Xianfu_Pwm        wheels.o
    0x080033fc   0x00000088   Code   RO         3589    i.Xianfu_Velocity   wheels.o
    0x08003484   0x00000028   Code   RO         3917    i.__ARM_fpclassify  m_ws.l(fpclassify.o)
    0x080034ac   0x0000000e   Code   RO         3761    i._is_digit         c_w.l(__printf_wp.o)
    0x080034ba   0x00000004   Code   RO         3458    i._sys_exit         usart.o
    0x080034be   0x00000002   PAD
    0x080034c0   0x00000044   Code   RO         3397    i.delay_init        delay.o
    0x08003504   0x0000004c   Code   RO         3398    i.delay_ms          delay.o
    0x08003550   0x0000001c   Code   RO         3459    i.fputc             usart.o
    0x0800356c   0x00000118   Code   RO           12    i.main              main.o
    0x08003684   0x0000000e   Code   RO         3590    i.myabs             wheels.o
    0x08003692   0x00000002   PAD
    0x08003694   0x000000a0   Code   RO         3460    i.uart_init         usart.o
    0x08003734   0x0000001c   Code   RO         3501    i.usart3_send       usart3.o
    0x08003750   0x0000000c   Code   RO         3502    i.usart3_sendAngleBlock  usart3.o
    0x0800375c   0x0000002c   Code   RO         3913    locale$$code        c_w.l(lc_numeric_c.o)
    0x08003788   0x0000002c   Code   RO         3926    locale$$code        c_w.l(lc_ctype_c.o)
    0x080037b4   0x00000062   Code   RO         3780    x$fpl$d2f           fz_ws.l(d2f.o)
    0x08003816   0x00000002   PAD
    0x08003818   0x00000150   Code   RO         3782    x$fpl$dadd          fz_ws.l(daddsub_clz.o)
    0x08003968   0x0000009c   Code   RO         3839    x$fpl$dnaninf       fz_ws.l(dnaninf.o)
    0x08003a04   0x0000000c   Code   RO         3841    x$fpl$dretinf       fz_ws.l(dretinf.o)
    0x08003a10   0x000001d4   Code   RO         3784    x$fpl$dsub          fz_ws.l(daddsub_clz.o)
    0x08003be4   0x00000056   Code   RO         3788    x$fpl$f2d           fz_ws.l(f2d.o)
    0x08003c3a   0x00000002   PAD
    0x08003c3c   0x000000c4   Code   RO         3790    x$fpl$fadd          fz_ws.l(faddsub_clz.o)
    0x08003d00   0x00000018   Code   RO         3843    x$fpl$fcmpinf       fz_ws.l(fcmpi.o)
    0x08003d18   0x00000184   Code   RO         3797    x$fpl$fdiv          fz_ws.l(fdiv.o)
    0x08003e9c   0x0000003e   Code   RO         3804    x$fpl$ffixu         fz_ws.l(ffixu.o)
    0x08003eda   0x00000002   PAD
    0x08003edc   0x00000030   Code   RO         3809    x$fpl$fflt          fz_ws.l(fflt_clz.o)
    0x08003f0c   0x00000068   Code   RO         3814    x$fpl$fleqf         fz_ws.l(fleqf.o)
    0x08003f74   0x00000102   Code   RO         3816    x$fpl$fmul          fz_ws.l(fmul.o)
    0x08004076   0x0000008c   Code   RO         3845    x$fpl$fnaninf       fz_ws.l(fnaninf.o)
    0x08004102   0x0000000a   Code   RO         3847    x$fpl$fretinf       fz_ws.l(fretinf.o)
    0x0800410c   0x00000062   Code   RO         3818    x$fpl$frleqf        fz_ws.l(frleqf.o)
    0x0800416e   0x00000014   Code   RO         3791    x$fpl$frsb          fz_ws.l(faddsub_clz.o)
    0x08004182   0x00000002   PAD
    0x08004184   0x000000ea   Code   RO         3792    x$fpl$fsub          fz_ws.l(faddsub_clz.o)
    0x0800426e   0x00000004   Code   RO         3820    x$fpl$printf1       fz_ws.l(printf1.o)
    0x08004272   0x00000000   Code   RO         3849    x$fpl$usenofp       fz_ws.l(usenofp.o)
    0x08004272   0x00000002   PAD
    0x08004274   0x00000094   Data   RO         3884    .constdata          c_w.l(bigflt0.o)
    0x08004308   0x00000020   Data   RO         4058    Region$$Table       anon$$obj.o
    0x08004328   0x0000001c   Data   RO         3912    locale$$data        c_w.l(lc_numeric_c.o)
    0x08004344   0x00000110   Data   RO         3925    locale$$data        c_w.l(lc_ctype_c.o)


    Execution Region RW_IRAM1 (Base: 0x20000000, Size: 0x00000978, Max: 0x00005000, ABSOLUTE)

    Base Addr    Size         Type   Attr      Idx    E Section Name        Object

    0x20000000   0x00000094   Data   RW           14    .data               main.o
    0x20000094   0x00000014   Data   RW          356    .data               system_stm32f10x.o
    0x200000a8   0x00000014   Data   RW         2027    .data               stm32f10x_rcc.o
    0x200000bc   0x00000004   Data   RW         3400    .data               delay.o
    0x200000c0   0x00000006   Data   RW         3462    .data               usart.o
    0x200000c6   0x00000004   Data   RW         3503    .data               usart3.o
    0x200000ca   0x00000002   PAD
    0x200000cc   0x00000020   Data   RW         3591    .data               wheels.o
    0x200000ec   0x00000161   Zero   RW           13    .bss                main.o
    0x2000024d   0x000000c8   Zero   RW         3461    .bss                usart.o
    0x20000315   0x00000003   PAD
    0x20000318   0x00000060   Zero   RW         3851    .bss                c_w.l(libspace.o)
    0x20000378   0x00000200   Zero   RW          398    HEAP                startup_stm32f10x_hd.o
    0x20000578   0x00000400   Zero   RW          397    STACK               startup_stm32f10x_hd.o


==============================================================================

Image component sizes


      Code (inc. data)   RO Data    RW Data    ZI Data      Debug   Object Name

         0          0          0          0          0         32   core_cm3.o
       144         22          0          4          0       1116   delay.o
       220         28          0          0          0       1010   gpio.o
      3546        644          0        148        353     234674   main.o
       172         22          0          0          0     205289   misc.o
        64         26        304          0       1536        776   startup_stm32f10x_hd.o
       282          0          0          0          0       2421   stm32f10x_gpio.o
        26          0          0          0          0      46878   stm32f10x_it.o
       276         32          0         20          0       4306   stm32f10x_rcc.o
       638         72          0          0          0       7455   stm32f10x_tim.o
       442          6          0          0          0       5957   stm32f10x_usart.o
       328         28          0         20          0       1957   system_stm32f10x.o
       212         10          0          0          0       1142   timer.o
        92          6          0          0          0        620   timer3.o
       328         26          0          6        200       3968   usart.o
       528         92          0          4          0       2765   usart3.o
      1566        246          0         32          0     209058   wheels.o

    ----------------------------------------------------------------------
      8884       1260        336        236       2092     729424   Object Totals
         0          0         32          0          0          0   (incl. Generated)
        20          0          0          2          3          0   (incl. Padding)

    ----------------------------------------------------------------------

      Code (inc. data)   RO Data    RW Data    ZI Data      Debug   Library Member Name

         8          0          0          0          0         68   __main.o
       284          0          0          0          0        156   __printf_wp.o
         0          0          0          0          0          0   __rtentry.o
        12          0          0          0          0          0   __rtentry2.o
         6          0          0          0          0          0   __rtentry4.o
        52          8          0          0          0          0   __scatter.o
        26          0          0          0          0          0   __scatter_copy.o
        28          0          0          0          0          0   __scatter_zi.o
        28          0          0          0          0         68   _chval.o
        48          6          0          0          0         96   _printf_char_common.o
        36          4          0          0          0         80   _printf_char_file.o
         6          0          0          0          0          0   _printf_d.o
       120         16          0          0          0         92   _printf_dec.o
         6          0          0          0          0          0   _printf_f.o
      1050          0          0          0          0        216   _printf_fp_dec.o
       128         16          0          0          0         84   _printf_fp_infnan.o
       178          0          0          0          0         88   _printf_intcommon.o
         0          0          0          0          0          0   _printf_percent.o
         4          0          0          0          0          0   _printf_percent_end.o
       158          0          0          0          0         92   _strtoul.o
        26          0          0          0          0         80   atoi.o
       220          4        148          0          0         96   bigflt0.o
      1910        128          0          0          0        672   btod.o
        18          0          0          0          0         80   exit.o
         8          0          0          0          0         68   ferror.o
         6          0          0          0          0        152   heapauxi.o
        44         10        272          0          0         76   lc_ctype_c.o
        44         10         28          0          0         76   lc_numeric_c.o
         2          0          0          0          0          0   libinit.o
        30          0          0          0          0          0   libinit2.o
         2          0          0          0          0          0   libshutdown.o
         2          0          0          0          0          0   libshutdown2.o
         8          4          0          0         96         68   libspace.o
       138          0          0          0          0         80   lludiv10.o
        24          4          0          0          0         84   noretval__2printf.o
        16          4          0          0          0         76   rt_ctype_table.o
         8          4          0          0          0         68   rt_errno_addr_intlibspace.o
         8          4          0          0          0         68   rt_locale_intlibspace.o
         2          0          0          0          0          0   rtexit.o
        10          0          0          0          0          0   rtexit2.o
       128          0          0          0          0         68   strcmpv7m.o
       112          0          0          0          0         88   strtol.o
        74          0          0          0          0         80   sys_stackheap_outer.o
         2          0          0          0          0         68   use_no_semi.o
         2          0          0          0          0         68   use_no_semi_2.o
        98          4          0          0          0         92   d2f.o
       804         16          0          0          0        272   daddsub_clz.o
       156          4          0          0          0         92   dnaninf.o
        12          0          0          0          0         68   dretinf.o
        86          4          0          0          0         84   f2d.o
       450          8          0          0          0        236   faddsub_clz.o
        24          0          0          0          0         68   fcmpi.o
       388         76          0          0          0         96   fdiv.o
        62          4          0          0          0         84   ffixu.o
        48          0          0          0          0         68   fflt_clz.o
       104          4          0          0          0         84   fleqf.o
       258          4          0          0          0         84   fmul.o
       140          4          0          0          0         84   fnaninf.o
        10          0          0          0          0         68   fretinf.o
        98          0          0          0          0         68   frleqf.o
         4          0          0          0          0         68   printf1.o
         0          0          0          0          0          0   usenofp.o
        40          0          0          0          0         68   fpclassify.o

    ----------------------------------------------------------------------
      7824        350        448          0         96       4840   Library Totals
        20          0          0          0          0          0   (incl. Padding)

    ----------------------------------------------------------------------

      Code (inc. data)   RO Data    RW Data    ZI Data      Debug   Library Name

      5022        222        448          0         96       3156   c_w.l
      2742        128          0          0          0       1616   fz_ws.l
        40          0          0          0          0         68   m_ws.l

    ----------------------------------------------------------------------
      7824        350        448          0         96       4840   Library Totals

    ----------------------------------------------------------------------

==============================================================================


      Code (inc. data)   RO Data    RW Data    ZI Data      Debug   

     16708       1610        784        236       2188     727864   Grand Totals
     16708       1610        784        236       2188     727864   ELF Image Totals
     16708       1610        784        236          0          0   ROM Totals

==============================================================================

    Total RO  Size (Code + RO Data)                17492 (  17.08kB)
    Total RW  Size (RW Data + ZI Data)              2424 (   2.37kB)
    Total ROM Size (Code + RO Data + RW Data)      17728 (  17.31kB)

==============================================================================

